Oct 12 13:07:43 syang-ubuntu kernel: imklog 5.8.6, log source = /proc/kmsg started.
Oct 12 13:07:43 syang-ubuntu rsyslogd: [origin software="rsyslogd" swVersion="5.8.6" x-pid="686" x-info="http://www.rsyslog.com"] start
Oct 12 13:07:43 syang-ubuntu rsyslogd: rsyslogd's groupid changed to 103
Oct 12 13:07:43 syang-ubuntu rsyslogd: rsyslogd's userid changed to 101
Oct 12 13:07:43 syang-ubuntu rsyslogd-2039: Could not open output pipe '/dev/xconsole' [try http://www.rsyslog.com/e/2039 ]
Oct 12 13:07:43 syang-ubuntu kernel: [    0.000000] Initializing cgroup subsys cpuset
Oct 12 13:07:43 syang-ubuntu kernel: [    0.000000] Initializing cgroup subsys cpu
Oct 12 13:07:43 syang-ubuntu kernel: [    0.000000] Initializing cgroup subsys cpuacct
Oct 12 13:07:43 syang-ubuntu kernel: [    0.000000] Linux version 3.11.0-15-generic (buildd@allspice) (gcc version 4.6.3 (Ubuntu/Linaro 4.6.3-1ubuntu5) ) #25~precise1-Ubuntu SMP Thu Jan 30 17:39:31 UTC 2014 (Ubuntu 3.11.0-15.25~precise1-generic 3.11.10)
Oct 12 13:07:43 syang-ubuntu kernel: [    0.000000] Command line: BOOT_IMAGE=/boot/vmlinuz-3.11.0-15-generic root=UUID=64a817bf-a203-44b6-82b6-dd0b370e2196 ro quiet splash vt.handoff=7
Oct 12 13:07:43 syang-ubuntu kernel: [    0.000000] KERNEL supported cpus:
Oct 12 13:07:43 syang-ubuntu kernel: [    0.000000]   Intel GenuineIntel
Oct 12 13:07:43 syang-ubuntu kernel: [    0.000000]   AMD AuthenticAMD
Oct 12 13:07:43 syang-ubuntu kernel: [    0.000000]   Centaur CentaurHauls
Oct 12 13:07:43 syang-ubuntu kernel: [    0.000000] e820: BIOS-provided physical RAM map:
Oct 12 13:07:43 syang-ubuntu kernel: [    0.000000] BIOS-e820: [mem 0x0000000000000000-0x000000000009fbff] usable
Oct 12 13:07:43 syang-ubuntu kernel: [    0.000000] BIOS-e820: [mem 0x000000000009fc00-0x000000000009ffff] reserved
Oct 12 13:07:43 syang-ubuntu kernel: [    0.000000] BIOS-e820: [mem 0x00000000000f0000-0x00000000000fffff] reserved
Oct 12 13:07:43 syang-ubuntu kernel: [    0.000000] BIOS-e820: [mem 0x0000000000100000-0x000000005f9effff] usable
Oct 12 13:07:43 syang-ubuntu kernel: [    0.000000] BIOS-e820: [mem 0x000000005f9f0000-0x000000005f9fffff] ACPI data
Oct 12 13:07:43 syang-ubuntu kernel: [    0.000000] BIOS-e820: [mem 0x00000000fffc0000-0x00000000ffffffff] reserved
Oct 12 13:07:43 syang-ubuntu kernel: [    0.000000] NX (Execute Disable) protection: active
Oct 12 13:07:43 syang-ubuntu kernel: [    0.000000] SMBIOS 2.5 present.
Oct 12 13:07:43 syang-ubuntu kernel: [    0.000000] DMI: innotek GmbH VirtualBox/VirtualBox, BIOS VirtualBox 12/01/2006
Oct 12 13:07:43 syang-ubuntu kernel: [    0.000000] e820: update [mem 0x00000000-0x00000fff] usable ==> reserved
Oct 12 13:07:43 syang-ubuntu kernel: [    0.000000] e820: remove [mem 0x000a0000-0x000fffff] usable
Oct 12 13:07:43 syang-ubuntu kernel: [    0.000000] No AGP bridge found
Oct 12 13:07:43 syang-ubuntu kernel: [    0.000000] e820: last_pfn = 0x5f9f0 max_arch_pfn = 0x400000000
Oct 12 13:07:43 syang-ubuntu kernel: [    0.000000] MTRR default type: uncachable
Oct 12 13:07:43 syang-ubuntu kernel: [    0.000000] MTRR variable ranges disabled:
Oct 12 13:07:43 syang-ubuntu kernel: [    0.000000] x86 PAT enabled: cpu 0, old 0x7040600070406, new 0x7010600070106
Oct 12 13:07:43 syang-ubuntu kernel: [    0.000000] CPU MTRRs all blank - virtualized system.
Oct 12 13:07:43 syang-ubuntu kernel: [    0.000000] found SMP MP-table at [mem 0x0009fff0-0x0009ffff] mapped at [ffff88000009fff0]
Oct 12 13:07:43 syang-ubuntu kernel: [    0.000000] Scanning 1 areas for low memory corruption
Oct 12 13:07:43 syang-ubuntu kernel: [    0.000000] Base memory trampoline at [ffff880000099000] 99000 size 24576
Oct 12 13:07:43 syang-ubuntu kernel: [    0.000000] init_memory_mapping: [mem 0x00000000-0x000fffff]
Oct 12 13:07:43 syang-ubuntu kernel: [    0.000000]  [mem 0x00000000-0x000fffff] page 4k
Oct 12 13:07:43 syang-ubuntu kernel: [    0.000000] BRK [0x01fd9000, 0x01fd9fff] PGTABLE
Oct 12 13:07:43 syang-ubuntu kernel: [    0.000000] BRK [0x01fda000, 0x01fdafff] PGTABLE
Oct 12 13:07:43 syang-ubuntu kernel: [    0.000000] BRK [0x01fdb000, 0x01fdbfff] PGTABLE
Oct 12 13:07:43 syang-ubuntu kernel: [    0.000000] init_memory_mapping: [mem 0x5f600000-0x5f7fffff]
Oct 12 13:07:43 syang-ubuntu kernel: [    0.000000]  [mem 0x5f600000-0x5f7fffff] page 2M
Oct 12 13:07:43 syang-ubuntu kernel: [    0.000000] BRK [0x01fdc000, 0x01fdcfff] PGTABLE
Oct 12 13:07:43 syang-ubuntu kernel: [    0.000000] init_memory_mapping: [mem 0x5c000000-0x5f5fffff]
Oct 12 13:07:43 syang-ubuntu kernel: [    0.000000]  [mem 0x5c000000-0x5f5fffff] page 2M
Oct 12 13:07:43 syang-ubuntu kernel: [    0.000000] init_memory_mapping: [mem 0x00100000-0x5bffffff]
Oct 12 13:07:43 syang-ubuntu kernel: [    0.000000]  [mem 0x00100000-0x001fffff] page 4k
Oct 12 13:07:43 syang-ubuntu kernel: [    0.000000]  [mem 0x00200000-0x5bffffff] page 2M
Oct 12 13:07:43 syang-ubuntu kernel: [    0.000000] init_memory_mapping: [mem 0x5f800000-0x5f9effff]
Oct 12 13:07:43 syang-ubuntu kernel: [    0.000000]  [mem 0x5f800000-0x5f9effff] page 4k
Oct 12 13:07:43 syang-ubuntu kernel: [    0.000000] BRK [0x01fdd000, 0x01fddfff] PGTABLE
Oct 12 13:07:43 syang-ubuntu kernel: [    0.000000] RAMDISK: [mem 0x35ea0000-0x36f47fff]
Oct 12 13:07:43 syang-ubuntu kernel: [    0.000000] ACPI: RSDP 00000000000e0000 00024 (v02 VBOX  )
Oct 12 13:07:43 syang-ubuntu kernel: [    0.000000] ACPI: XSDT 000000005f9f0030 0003C (v01 VBOX   VBOXXSDT 00000001 ASL  00000061)
Oct 12 13:07:43 syang-ubuntu kernel: [    0.000000] ACPI: FACP 000000005f9f00f0 000F4 (v04 VBOX   VBOXFACP 00000001 ASL  00000061)
Oct 12 13:07:43 syang-ubuntu kernel: [    0.000000] ACPI: DSDT 000000005f9f0470 01B96 (v01 VBOX   VBOXBIOS 00000002 INTL 20100528)
Oct 12 13:07:43 syang-ubuntu kernel: [    0.000000] ACPI: FACS 000000005f9f0200 00040
Oct 12 13:07:43 syang-ubuntu kernel: [    0.000000] ACPI: APIC 000000005f9f0240 0005C (v02 VBOX   VBOXAPIC 00000001 ASL  00000061)
Oct 12 13:07:43 syang-ubuntu kernel: [    0.000000] ACPI: SSDT 000000005f9f02a0 001CC (v01 VBOX   VBOXCPUT 00000002 INTL 20100528)
Oct 12 13:07:43 syang-ubuntu kernel: [    0.000000] ACPI: Local APIC address 0xfee00000
Oct 12 13:07:43 syang-ubuntu kernel: [    0.000000] No NUMA configuration found
Oct 12 13:07:43 syang-ubuntu kernel: [    0.000000] Faking a node at [mem 0x0000000000000000-0x000000005f9effff]
Oct 12 13:07:43 syang-ubuntu kernel: [    0.000000] Initmem setup node 0 [mem 0x00000000-0x5f9effff]
Oct 12 13:07:43 syang-ubuntu kernel: [    0.000000]   NODE_DATA [mem 0x5f9eb000-0x5f9effff]
Oct 12 13:07:43 syang-ubuntu kernel: [    0.000000]  [ffffea0000000000-ffffea00017fffff] PMD -> [ffff88005d800000-ffff88005effffff] on node 0
Oct 12 13:07:43 syang-ubuntu kernel: [    0.000000] Zone ranges:
Oct 12 13:07:43 syang-ubuntu kernel: [    0.000000]   DMA      [mem 0x00001000-0x00ffffff]
Oct 12 13:07:43 syang-ubuntu kernel: [    0.000000]   DMA32    [mem 0x01000000-0xffffffff]
Oct 12 13:07:43 syang-ubuntu kernel: [    0.000000]   Normal   empty
Oct 12 13:07:43 syang-ubuntu kernel: [    0.000000] Movable zone start for each node
Oct 12 13:07:43 syang-ubuntu kernel: [    0.000000] Early memory node ranges
Oct 12 13:07:43 syang-ubuntu kernel: [    0.000000]   node   0: [mem 0x00001000-0x0009efff]
Oct 12 13:07:43 syang-ubuntu kernel: [    0.000000]   node   0: [mem 0x00100000-0x5f9effff]
Oct 12 13:07:43 syang-ubuntu kernel: [    0.000000] On node 0 totalpages: 391566
Oct 12 13:07:43 syang-ubuntu kernel: [    0.000000]   DMA zone: 64 pages used for memmap
Oct 12 13:07:43 syang-ubuntu kernel: [    0.000000]   DMA zone: 21 pages reserved
Oct 12 13:07:43 syang-ubuntu kernel: [    0.000000]   DMA zone: 3998 pages, LIFO batch:0
Oct 12 13:07:43 syang-ubuntu kernel: [    0.000000]   DMA32 zone: 6056 pages used for memmap
Oct 12 13:07:43 syang-ubuntu kernel: [    0.000000]   DMA32 zone: 387568 pages, LIFO batch:31
Oct 12 13:07:43 syang-ubuntu kernel: [    0.000000] ACPI: PM-Timer IO Port: 0x4008
Oct 12 13:07:43 syang-ubuntu kernel: [    0.000000] ACPI: Local APIC address 0xfee00000
Oct 12 13:07:43 syang-ubuntu kernel: [    0.000000] ACPI: LAPIC (acpi_id[0x00] lapic_id[0x00] enabled)
Oct 12 13:07:43 syang-ubuntu kernel: [    0.000000] ACPI: LAPIC (acpi_id[0x01] lapic_id[0x01] enabled)
Oct 12 13:07:43 syang-ubuntu kernel: [    0.000000] ACPI: IOAPIC (id[0x02] address[0xfec00000] gsi_base[0])
Oct 12 13:07:43 syang-ubuntu kernel: [    0.000000] IOAPIC[0]: apic_id 2, version 17, address 0xfec00000, GSI 0-23
Oct 12 13:07:43 syang-ubuntu kernel: [    0.000000] ACPI: INT_SRC_OVR (bus 0 bus_irq 0 global_irq 2 dfl dfl)
Oct 12 13:07:43 syang-ubuntu kernel: [    0.000000] ACPI: INT_SRC_OVR (bus 0 bus_irq 9 global_irq 9 high level)
Oct 12 13:07:43 syang-ubuntu kernel: [    0.000000] ACPI: IRQ0 used by override.
Oct 12 13:07:43 syang-ubuntu kernel: [    0.000000] ACPI: IRQ2 used by override.
Oct 12 13:07:43 syang-ubuntu kernel: [    0.000000] ACPI: IRQ9 used by override.
Oct 12 13:07:43 syang-ubuntu kernel: [    0.000000] Using ACPI (MADT) for SMP configuration information
Oct 12 13:07:43 syang-ubuntu kernel: [    0.000000] smpboot: Allowing 2 CPUs, 0 hotplug CPUs
Oct 12 13:07:43 syang-ubuntu kernel: [    0.000000] nr_irqs_gsi: 40
Oct 12 13:07:43 syang-ubuntu kernel: [    0.000000] PM: Registered nosave memory: [mem 0x0009f000-0x0009ffff]
Oct 12 13:07:43 syang-ubuntu kernel: [    0.000000] PM: Registered nosave memory: [mem 0x000a0000-0x000effff]
Oct 12 13:07:43 syang-ubuntu kernel: [    0.000000] PM: Registered nosave memory: [mem 0x000f0000-0x000fffff]
Oct 12 13:07:43 syang-ubuntu kernel: [    0.000000] e820: [mem 0x5fa00000-0xfffbffff] available for PCI devices
Oct 12 13:07:43 syang-ubuntu kernel: [    0.000000] Booting paravirtualized kernel on bare hardware
Oct 12 13:07:43 syang-ubuntu kernel: [    0.000000] setup_percpu: NR_CPUS:256 nr_cpumask_bits:256 nr_cpu_ids:2 nr_node_ids:1
Oct 12 13:07:43 syang-ubuntu kernel: [    0.000000] PERCPU: Embedded 29 pages/cpu @ffff88005f600000 s86720 r8192 d23872 u1048576
Oct 12 13:07:43 syang-ubuntu kernel: [    0.000000] pcpu-alloc: s86720 r8192 d23872 u1048576 alloc=1*2097152
Oct 12 13:07:43 syang-ubuntu kernel: [    0.000000] pcpu-alloc: [0] 0 1 
Oct 12 13:07:43 syang-ubuntu kernel: [    0.000000] Built 1 zonelists in Node order, mobility grouping on.  Total pages: 385425
Oct 12 13:07:43 syang-ubuntu kernel: [    0.000000] Policy zone: DMA32
Oct 12 13:07:43 syang-ubuntu kernel: [    0.000000] Kernel command line: BOOT_IMAGE=/boot/vmlinuz-3.11.0-15-generic root=UUID=64a817bf-a203-44b6-82b6-dd0b370e2196 ro quiet splash vt.handoff=7
Oct 12 13:07:43 syang-ubuntu kernel: [    0.000000] PID hash table entries: 4096 (order: 3, 32768 bytes)
Oct 12 13:07:43 syang-ubuntu kernel: [    0.000000] Checking aperture...
Oct 12 13:07:43 syang-ubuntu kernel: [    0.000000] No AGP bridge found
Oct 12 13:07:43 syang-ubuntu kernel: [    0.000000] Calgary: detecting Calgary via BIOS EBDA area
Oct 12 13:07:43 syang-ubuntu kernel: [    0.000000] Calgary: Unable to locate Rio Grande table in EBDA - bailing!
Oct 12 13:07:43 syang-ubuntu kernel: [    0.000000] Memory: 1507792K/1566264K available (7507K kernel code, 1079K rwdata, 4076K rodata, 1392K init, 1428K bss, 58472K reserved)
Oct 12 13:07:43 syang-ubuntu kernel: [    0.000000] SLUB: HWalign=64, Order=0-3, MinObjects=0, CPUs=2, Nodes=1
Oct 12 13:07:43 syang-ubuntu kernel: [    0.000000] Hierarchical RCU implementation.
Oct 12 13:07:43 syang-ubuntu kernel: [    0.000000] 	RCU dyntick-idle grace-period acceleration is enabled.
Oct 12 13:07:43 syang-ubuntu kernel: [    0.000000] 	RCU restricting CPUs from NR_CPUS=256 to nr_cpu_ids=2.
Oct 12 13:07:43 syang-ubuntu kernel: [    0.000000] 	Offload RCU callbacks from all CPUs
Oct 12 13:07:43 syang-ubuntu kernel: [    0.000000] 	Offload RCU callbacks from CPUs: 0-255.
Oct 12 13:07:43 syang-ubuntu kernel: [    0.000000] NR_IRQS:16640 nr_irqs:512 16
Oct 12 13:07:43 syang-ubuntu kernel: [    0.000000] Console: colour dummy device 80x25
Oct 12 13:07:43 syang-ubuntu kernel: [    0.000000] console [tty0] enabled
Oct 12 13:07:43 syang-ubuntu kernel: [    0.000000] allocated 6291456 bytes of page_cgroup
Oct 12 13:07:43 syang-ubuntu kernel: [    0.000000] please try 'cgroup_disable=memory' option if you don't want memory cgroups
Oct 12 13:07:43 syang-ubuntu kernel: [    0.000000] tsc: Fast TSC calibration failed
Oct 12 13:07:43 syang-ubuntu kernel: [    0.000000] tsc: Unable to calibrate against PIT
Oct 12 13:07:43 syang-ubuntu kernel: [    0.000000] tsc: using PMTIMER reference calibration
Oct 12 13:07:43 syang-ubuntu kernel: [    0.000000] tsc: Detected 1989.001 MHz processor
Oct 12 13:07:43 syang-ubuntu kernel: [    0.016008] Calibrating delay loop (skipped), value calculated using timer frequency.. 3978.00 BogoMIPS (lpj=7956004)
Oct 12 13:07:43 syang-ubuntu kernel: [    0.016014] pid_max: default: 32768 minimum: 301
Oct 12 13:07:43 syang-ubuntu kernel: [    0.016053] Security Framework initialized
Oct 12 13:07:43 syang-ubuntu kernel: [    0.016085] AppArmor: AppArmor initialized
Oct 12 13:07:43 syang-ubuntu kernel: [    0.016088] Yama: becoming mindful.
Oct 12 13:07:43 syang-ubuntu kernel: [    0.016543] Dentry cache hash table entries: 262144 (order: 9, 2097152 bytes)
Oct 12 13:07:43 syang-ubuntu kernel: [    0.016933] Inode-cache hash table entries: 131072 (order: 8, 1048576 bytes)
Oct 12 13:07:43 syang-ubuntu kernel: [    0.017096] Mount-cache hash table entries: 256
Oct 12 13:07:43 syang-ubuntu kernel: [    0.017273] Initializing cgroup subsys memory
Oct 12 13:07:43 syang-ubuntu kernel: [    0.017283] Initializing cgroup subsys devices
Oct 12 13:07:43 syang-ubuntu kernel: [    0.017287] Initializing cgroup subsys freezer
Oct 12 13:07:43 syang-ubuntu kernel: [    0.017291] Initializing cgroup subsys blkio
Oct 12 13:07:43 syang-ubuntu kernel: [    0.017295] Initializing cgroup subsys perf_event
Oct 12 13:07:43 syang-ubuntu kernel: [    0.017300] Initializing cgroup subsys hugetlb
Oct 12 13:07:43 syang-ubuntu kernel: [    0.017420] CPU: Physical Processor ID: 0
Oct 12 13:07:43 syang-ubuntu kernel: [    0.017424] CPU: Processor Core ID: 0
Oct 12 13:07:43 syang-ubuntu kernel: [    0.017431] mce: CPU supports 0 MCE banks
Oct 12 13:07:43 syang-ubuntu kernel: [    0.017471] Last level iTLB entries: 4KB 512, 2MB 0, 4MB 0
Oct 12 13:07:43 syang-ubuntu kernel: [    0.017471] Last level dTLB entries: 4KB 512, 2MB 32, 4MB 32
Oct 12 13:07:43 syang-ubuntu kernel: [    0.017471] tlb_flushall_shift: 5
Oct 12 13:07:43 syang-ubuntu kernel: [    0.020021] Freeing SMP alternatives memory: 28K (ffffffff81e6b000 - ffffffff81e72000)
Oct 12 13:07:43 syang-ubuntu kernel: [    0.033767] ACPI: Core revision 20130517
Oct 12 13:07:43 syang-ubuntu kernel: [    0.034530] ACPI: All ACPI Tables successfully acquired
Oct 12 13:07:43 syang-ubuntu kernel: [    0.034575] ftrace: allocating 31294 entries in 123 pages
Oct 12 13:07:43 syang-ubuntu kernel: [    0.048394] ..TIMER: vector=0x30 apic1=0 pin1=2 apic2=-1 pin2=-1
Oct 12 13:07:43 syang-ubuntu kernel: [    0.090713] smpboot: CPU0: Intel(R) Core(TM) i7-2635QM CPU @ 2.00GHz (fam: 06, model: 2a, stepping: 07)
Oct 12 13:07:43 syang-ubuntu kernel: [    0.092000] Performance Events: unsupported p6 CPU model 42 no PMU driver, software events only.
Oct 12 13:07:43 syang-ubuntu kernel: [    0.092000] NMI watchdog: disabled (cpu0): hardware events not enabled
Oct 12 13:07:43 syang-ubuntu kernel: [    0.092000] smpboot: Booting Node   0, Processors  #1 OK
Oct 12 13:07:43 syang-ubuntu kernel: [    0.092000] mce: CPU supports 0 MCE banks
Oct 12 13:07:43 syang-ubuntu kernel: [    0.103676] Brought up 2 CPUs
Oct 12 13:07:43 syang-ubuntu kernel: [    0.103682] smpboot: Total of 2 processors activated (7956.00 BogoMIPS)
Oct 12 13:07:43 syang-ubuntu kernel: [    0.104379] devtmpfs: initialized
Oct 12 13:07:43 syang-ubuntu kernel: [    0.105266] EVM: security.selinux
Oct 12 13:07:43 syang-ubuntu kernel: [    0.105274] EVM: security.SMACK64
Oct 12 13:07:43 syang-ubuntu kernel: [    0.105280] EVM: security.capability
Oct 12 13:07:43 syang-ubuntu kernel: [    0.105494] regulator-dummy: no parameters
Oct 12 13:07:43 syang-ubuntu kernel: [    0.105494] RTC time:  5:07:34, date: 10/12/14
Oct 12 13:07:43 syang-ubuntu kernel: [    0.105494] NET: Registered protocol family 16
Oct 12 13:07:43 syang-ubuntu kernel: [    0.105494] ACPI: bus type PCI registered
Oct 12 13:07:43 syang-ubuntu kernel: [    0.105494] acpiphp: ACPI Hot Plug PCI Controller Driver version: 0.5
Oct 12 13:07:43 syang-ubuntu kernel: [    0.105494] PCI: Using configuration type 1 for base access
Oct 12 13:07:43 syang-ubuntu kernel: [    0.108213] bio: create slab <bio-0> at 0
Oct 12 13:07:43 syang-ubuntu kernel: [    0.108220] ACPI: Added _OSI(Module Device)
Oct 12 13:07:43 syang-ubuntu kernel: [    0.108220] ACPI: Added _OSI(Processor Device)
Oct 12 13:07:43 syang-ubuntu kernel: [    0.108220] ACPI: Added _OSI(3.0 _SCP Extensions)
Oct 12 13:07:43 syang-ubuntu kernel: [    0.108220] ACPI: Added _OSI(Processor Aggregator Device)
Oct 12 13:07:43 syang-ubuntu kernel: [    0.108611] ACPI: EC: Look up EC in DSDT
Oct 12 13:07:43 syang-ubuntu kernel: [    0.108943] ACPI: Executed 1 blocks of module-level executable AML code
Oct 12 13:07:43 syang-ubuntu kernel: [    0.110462] ACPI: Interpreter enabled
Oct 12 13:07:43 syang-ubuntu kernel: [    0.110471] ACPI Exception: AE_NOT_FOUND, While evaluating Sleep State [\_S1_] (20130517/hwxface-571)
Oct 12 13:07:43 syang-ubuntu kernel: [    0.110478] ACPI Exception: AE_NOT_FOUND, While evaluating Sleep State [\_S2_] (20130517/hwxface-571)
Oct 12 13:07:43 syang-ubuntu kernel: [    0.110483] ACPI Exception: AE_NOT_FOUND, While evaluating Sleep State [\_S3_] (20130517/hwxface-571)
Oct 12 13:07:43 syang-ubuntu kernel: [    0.110489] ACPI Exception: AE_NOT_FOUND, While evaluating Sleep State [\_S4_] (20130517/hwxface-571)
Oct 12 13:07:43 syang-ubuntu kernel: [    0.110497] ACPI: (supports S0 S5)
Oct 12 13:07:43 syang-ubuntu kernel: [    0.110501] ACPI: Using IOAPIC for interrupt routing
Oct 12 13:07:43 syang-ubuntu kernel: [    0.110687] PCI: Ignoring host bridge windows from ACPI; if necessary, use "pci=use_crs" and report a bug
Oct 12 13:07:43 syang-ubuntu kernel: [    0.110729] ACPI: No dock devices found.
Oct 12 13:07:43 syang-ubuntu kernel: [    0.115296] ACPI: PCI Root Bridge [PCI0] (domain 0000 [bus 00-ff])
Oct 12 13:07:43 syang-ubuntu kernel: [    0.115306] acpi PNP0A03:00: ACPI _OSC support notification failed, disabling PCIe ASPM
Oct 12 13:07:43 syang-ubuntu kernel: [    0.115311] acpi PNP0A03:00: Unable to request _OSC control (_OSC support mask: 0x08)
Oct 12 13:07:43 syang-ubuntu kernel: [    0.115406] acpi PNP0A03:00: host bridge window [io  0x0000-0x0cf7] (ignored)
Oct 12 13:07:43 syang-ubuntu kernel: [    0.115411] acpi PNP0A03:00: host bridge window [io  0x0d00-0xffff] (ignored)
Oct 12 13:07:43 syang-ubuntu kernel: [    0.115416] acpi PNP0A03:00: host bridge window [mem 0x000a0000-0x000bffff] (ignored)
Oct 12 13:07:43 syang-ubuntu kernel: [    0.115420] acpi PNP0A03:00: host bridge window [mem 0x5fa00000-0xffdfffff] (ignored)
Oct 12 13:07:43 syang-ubuntu kernel: [    0.115425] PCI: root bus 00: using default resources
Oct 12 13:07:43 syang-ubuntu kernel: [    0.115429] acpi PNP0A03:00: fail to add MMCONFIG information, can't access extended PCI configuration space under this bridge.
Oct 12 13:07:43 syang-ubuntu kernel: [    0.115561] PCI host bridge to bus 0000:00
Oct 12 13:07:43 syang-ubuntu kernel: [    0.115568] pci_bus 0000:00: root bus resource [bus 00-ff]
Oct 12 13:07:43 syang-ubuntu kernel: [    0.115572] pci_bus 0000:00: root bus resource [io  0x0000-0xffff]
Oct 12 13:07:43 syang-ubuntu kernel: [    0.115576] pci_bus 0000:00: root bus resource [mem 0x00000000-0xfffffffff]
Oct 12 13:07:43 syang-ubuntu kernel: [    0.115631] pci 0000:00:00.0: [8086:1237] type 00 class 0x060000
Oct 12 13:07:43 syang-ubuntu kernel: [    0.116309] pci 0000:00:01.0: [8086:7000] type 00 class 0x060100
Oct 12 13:07:43 syang-ubuntu kernel: [    0.117102] pci 0000:00:01.1: [8086:7111] type 00 class 0x01018a
Oct 12 13:07:43 syang-ubuntu kernel: [    0.117560] pci 0000:00:01.1: reg 0x20: [io  0xd000-0xd00f]
Oct 12 13:07:43 syang-ubuntu kernel: [    0.118013] pci 0000:00:02.0: [80ee:beef] type 00 class 0x030000
Oct 12 13:07:43 syang-ubuntu kernel: [    0.124675] pci 0000:00:02.0: reg 0x10: [mem 0xe0000000-0xe7ffffff pref]
Oct 12 13:07:43 syang-ubuntu kernel: [    0.154365] pci 0000:00:03.0: [8086:100e] type 00 class 0x020000
Oct 12 13:07:43 syang-ubuntu kernel: [    0.155422] pci 0000:00:03.0: reg 0x10: [mem 0xf0000000-0xf001ffff]
Oct 12 13:07:43 syang-ubuntu kernel: [    0.157127] pci 0000:00:03.0: reg 0x18: [io  0xd010-0xd017]
Oct 12 13:07:43 syang-ubuntu kernel: [    0.161600] pci 0000:00:04.0: [80ee:cafe] type 00 class 0x088000
Oct 12 13:07:43 syang-ubuntu kernel: [    0.162572] pci 0000:00:04.0: reg 0x10: [io  0xd020-0xd03f]
Oct 12 13:07:43 syang-ubuntu kernel: [    0.164136] pci 0000:00:04.0: reg 0x14: [mem 0xf0400000-0xf07fffff]
Oct 12 13:07:43 syang-ubuntu kernel: [    0.165076] pci 0000:00:04.0: reg 0x18: [mem 0xf0800000-0xf0803fff pref]
Oct 12 13:07:43 syang-ubuntu kernel: [    0.168537] pci 0000:00:05.0: [8086:2415] type 00 class 0x040100
Oct 12 13:07:43 syang-ubuntu kernel: [    0.168666] pci 0000:00:05.0: reg 0x10: [io  0xd100-0xd1ff]
Oct 12 13:07:43 syang-ubuntu kernel: [    0.168754] pci 0000:00:05.0: reg 0x14: [io  0xd200-0xd23f]
Oct 12 13:07:43 syang-ubuntu kernel: [    0.169419] pci 0000:00:06.0: [106b:003f] type 00 class 0x0c0310
Oct 12 13:07:43 syang-ubuntu kernel: [    0.170605] pci 0000:00:06.0: reg 0x10: [mem 0xf0804000-0xf0804fff]
Oct 12 13:07:43 syang-ubuntu kernel: [    0.176580] pci 0000:00:07.0: [8086:7113] type 00 class 0x068000
Oct 12 13:07:43 syang-ubuntu kernel: [    0.177432] pci 0000:00:0b.0: [8086:265c] type 00 class 0x0c0320
Oct 12 13:07:43 syang-ubuntu kernel: [    0.178323] pci 0000:00:0b.0: reg 0x10: [mem 0xf0805000-0xf0805fff]
Oct 12 13:07:43 syang-ubuntu kernel: [    0.184607] pci 0000:00:0d.0: [8086:2829] type 00 class 0x010601
Oct 12 13:07:43 syang-ubuntu kernel: [    0.186605] pci 0000:00:0d.0: reg 0x10: [io  0xd240-0xd247]
Oct 12 13:07:43 syang-ubuntu kernel: [    0.189624] pci 0000:00:0d.0: reg 0x18: [io  0xd250-0xd257]
Oct 12 13:07:43 syang-ubuntu kernel: [    0.196705] pci 0000:00:0d.0: reg 0x20: [io  0xd260-0xd26f]
Oct 12 13:07:43 syang-ubuntu kernel: [    0.198295] pci 0000:00:0d.0: reg 0x24: [mem 0xf0806000-0xf0807fff]
Oct 12 13:07:43 syang-ubuntu kernel: [    0.199666] ACPI: PCI Interrupt Link [LNKA] (IRQs 5 9 10 *11)
Oct 12 13:07:43 syang-ubuntu kernel: [    0.200164] ACPI: PCI Interrupt Link [LNKB] (IRQs 5 9 10 *11)
Oct 12 13:07:43 syang-ubuntu kernel: [    0.200349] ACPI: PCI Interrupt Link [LNKC] (IRQs 5 9 *10 11)
Oct 12 13:07:43 syang-ubuntu kernel: [    0.200523] ACPI: PCI Interrupt Link [LNKD] (IRQs 5 *9 10 11)
Oct 12 13:07:43 syang-ubuntu kernel: [    0.200778] ACPI: Enabled 1 GPEs in block 00 to 07
Oct 12 13:07:43 syang-ubuntu kernel: [    0.200794] ACPI: \_SB_.PCI0: notify handler is installed
Oct 12 13:07:43 syang-ubuntu kernel: [    0.200817] Found 1 acpi root devices
Oct 12 13:07:43 syang-ubuntu kernel: [    0.204088] vgaarb: device added: PCI:0000:00:02.0,decodes=io+mem,owns=io+mem,locks=none
Oct 12 13:07:43 syang-ubuntu kernel: [    0.204098] vgaarb: loaded
Oct 12 13:07:43 syang-ubuntu kernel: [    0.204104] vgaarb: bridge control possible 0000:00:02.0
Oct 12 13:07:43 syang-ubuntu kernel: [    0.204452] SCSI subsystem initialized
Oct 12 13:07:43 syang-ubuntu kernel: [    0.204460] ACPI: bus type ATA registered
Oct 12 13:07:43 syang-ubuntu kernel: [    0.204668] libata version 3.00 loaded.
Oct 12 13:07:43 syang-ubuntu kernel: [    0.204668] ACPI: bus type USB registered
Oct 12 13:07:43 syang-ubuntu kernel: [    0.204668] usbcore: registered new interface driver usbfs
Oct 12 13:07:43 syang-ubuntu kernel: [    0.204668] usbcore: registered new interface driver hub
Oct 12 13:07:43 syang-ubuntu kernel: [    0.204668] usbcore: registered new device driver usb
Oct 12 13:07:43 syang-ubuntu kernel: [    0.204668] PCI: Using ACPI for IRQ routing
Oct 12 13:07:43 syang-ubuntu kernel: [    0.204668] PCI: pci_cache_line_size set to 64 bytes
Oct 12 13:07:43 syang-ubuntu kernel: [    0.204892] e820: reserve RAM buffer [mem 0x0009fc00-0x0009ffff]
Oct 12 13:07:43 syang-ubuntu kernel: [    0.204904] e820: reserve RAM buffer [mem 0x5f9f0000-0x5fffffff]
Oct 12 13:07:43 syang-ubuntu kernel: [    0.205058] NetLabel: Initializing
Oct 12 13:07:43 syang-ubuntu kernel: [    0.205064] NetLabel:  domain hash size = 128
Oct 12 13:07:43 syang-ubuntu kernel: [    0.205068] NetLabel:  protocols = UNLABELED CIPSOv4
Oct 12 13:07:43 syang-ubuntu kernel: [    0.205094] NetLabel:  unlabeled traffic allowed by default
Oct 12 13:07:43 syang-ubuntu kernel: [    0.208119] Switched to clocksource refined-jiffies
Oct 12 13:07:43 syang-ubuntu kernel: [    0.215354] AppArmor: AppArmor Filesystem Enabled
Oct 12 13:07:43 syang-ubuntu kernel: [    0.215386] pnp: PnP ACPI init
Oct 12 13:07:43 syang-ubuntu kernel: [    0.215412] ACPI: bus type PNP registered
Oct 12 13:07:43 syang-ubuntu kernel: [    0.215517] pnp 00:00: Plug and Play ACPI device, IDs PNP0303 (active)
Oct 12 13:07:43 syang-ubuntu kernel: [    0.215539] pnp 00:01: [dma 4]
Oct 12 13:07:43 syang-ubuntu kernel: [    0.215559] pnp 00:01: Plug and Play ACPI device, IDs PNP0200 (active)
Oct 12 13:07:43 syang-ubuntu kernel: [    0.215649] pnp 00:02: Plug and Play ACPI device, IDs PNP0f03 (active)
Oct 12 13:07:43 syang-ubuntu kernel: [    0.215704] pnp 00:03: Plug and Play ACPI device, IDs PNP0400 (active)
Oct 12 13:07:43 syang-ubuntu kernel: [    0.216338] pnp: PnP ACPI: found 4 devices
Oct 12 13:07:43 syang-ubuntu kernel: [    0.216343] ACPI: bus type PNP unregistered
Oct 12 13:07:43 syang-ubuntu kernel: [    0.234673] Switched to clocksource acpi_pm
Oct 12 13:07:43 syang-ubuntu kernel: [    0.234690] pci_bus 0000:00: resource 4 [io  0x0000-0xffff]
Oct 12 13:07:43 syang-ubuntu kernel: [    0.234695] pci_bus 0000:00: resource 5 [mem 0x00000000-0xfffffffff]
Oct 12 13:07:43 syang-ubuntu kernel: [    0.234734] NET: Registered protocol family 2
Oct 12 13:07:43 syang-ubuntu kernel: [    0.234945] TCP established hash table entries: 16384 (order: 6, 262144 bytes)
Oct 12 13:07:43 syang-ubuntu kernel: [    0.235048] TCP bind hash table entries: 16384 (order: 6, 262144 bytes)
Oct 12 13:07:43 syang-ubuntu kernel: [    0.235076] TCP: Hash tables configured (established 16384 bind 16384)
Oct 12 13:07:43 syang-ubuntu kernel: [    0.235093] TCP: reno registered
Oct 12 13:07:43 syang-ubuntu kernel: [    0.235100] UDP hash table entries: 1024 (order: 3, 32768 bytes)
Oct 12 13:07:43 syang-ubuntu kernel: [    0.235112] UDP-Lite hash table entries: 1024 (order: 3, 32768 bytes)
Oct 12 13:07:43 syang-ubuntu kernel: [    0.235161] NET: Registered protocol family 1
Oct 12 13:07:43 syang-ubuntu kernel: [    0.235172] pci 0000:00:00.0: Limiting direct PCI/PCI transfers
Oct 12 13:07:43 syang-ubuntu kernel: [    0.235207] pci 0000:00:01.0: Activating ISA DMA hang workarounds
Oct 12 13:07:43 syang-ubuntu kernel: [    0.235244] pci 0000:00:02.0: Boot video device
Oct 12 13:07:43 syang-ubuntu kernel: [    0.297063] PCI: CLS 64 bytes, default 64
Oct 12 13:07:43 syang-ubuntu kernel: [    0.297237] Trying to unpack rootfs image as initramfs...
Oct 12 13:07:43 syang-ubuntu kernel: [    0.574978] Freeing initrd memory: 17056K (ffff880035ea0000 - ffff880036f48000)
Oct 12 13:07:43 syang-ubuntu kernel: [    0.575255] platform rtc_cmos: registered platform RTC device (no PNP device found)
Oct 12 13:07:43 syang-ubuntu kernel: [    0.575558] Scanning for low memory corruption every 60 seconds
Oct 12 13:07:43 syang-ubuntu kernel: [    0.576185] Initialise module verification
Oct 12 13:07:43 syang-ubuntu kernel: [    0.576232] audit: initializing netlink socket (disabled)
Oct 12 13:07:43 syang-ubuntu kernel: [    0.576254] type=2000 audit(1413090453.575:1): initialized
Oct 12 13:07:43 syang-ubuntu kernel: [    0.602982] bounce pool size: 64 pages
Oct 12 13:07:43 syang-ubuntu kernel: [    0.602996] HugeTLB registered 2 MB page size, pre-allocated 0 pages
Oct 12 13:07:43 syang-ubuntu kernel: [    0.606349] zbud: loaded
Oct 12 13:07:43 syang-ubuntu kernel: [    0.606483] VFS: Disk quotas dquot_6.5.2
Oct 12 13:07:43 syang-ubuntu kernel: [    0.606526] Dquot-cache hash table entries: 512 (order 0, 4096 bytes)
Oct 12 13:07:43 syang-ubuntu kernel: [    0.607572] fuse init (API version 7.22)
Oct 12 13:07:43 syang-ubuntu kernel: [    0.607951] msgmni has been set to 2978
Oct 12 13:07:43 syang-ubuntu kernel: [    0.613366] Key type asymmetric registered
Oct 12 13:07:43 syang-ubuntu kernel: [    0.613371] Asymmetric key parser 'x509' registered
Oct 12 13:07:43 syang-ubuntu kernel: [    0.613416] Block layer SCSI generic (bsg) driver version 0.4 loaded (major 252)
Oct 12 13:07:43 syang-ubuntu kernel: [    0.613524] io scheduler noop registered
Oct 12 13:07:43 syang-ubuntu kernel: [    0.613529] io scheduler deadline registered (default)
Oct 12 13:07:43 syang-ubuntu kernel: [    0.613562] io scheduler cfq registered
Oct 12 13:07:43 syang-ubuntu kernel: [    0.613673] pci_hotplug: PCI Hot Plug PCI Core version: 0.5
Oct 12 13:07:43 syang-ubuntu kernel: [    0.613702] pciehp: PCI Express Hot Plug Controller Driver version: 0.4
Oct 12 13:07:43 syang-ubuntu kernel: [    0.613800] intel_idle: does not run on family 6 model 42
Oct 12 13:07:43 syang-ubuntu kernel: [    0.615187] ACPI: AC Adapter [AC] (on-line)
Oct 12 13:07:43 syang-ubuntu kernel: [    0.615344] input: Power Button as /devices/LNXSYSTM:00/LNXPWRBN:00/input/input0
Oct 12 13:07:43 syang-ubuntu kernel: [    0.615363] ACPI: Power Button [PWRF]
Oct 12 13:07:43 syang-ubuntu kernel: [    0.616221] input: Sleep Button as /devices/LNXSYSTM:00/LNXSLPBN:00/input/input1
Oct 12 13:07:43 syang-ubuntu kernel: [    0.616228] ACPI: Sleep Button [SLPF]
Oct 12 13:07:43 syang-ubuntu kernel: [    0.616848] GHES: HEST is not enabled!
Oct 12 13:07:43 syang-ubuntu kernel: [    0.616926] Serial: 8250/16550 driver, 32 ports, IRQ sharing enabled
Oct 12 13:07:43 syang-ubuntu kernel: [    0.618294] Linux agpgart interface v0.103
Oct 12 13:07:43 syang-ubuntu kernel: [    0.618591] ACPI: Battery Slot [BAT0] (battery present)
Oct 12 13:07:43 syang-ubuntu kernel: [    0.622575] brd: module loaded
Oct 12 13:07:43 syang-ubuntu kernel: [    0.625005] loop: module loaded
Oct 12 13:07:43 syang-ubuntu kernel: [    0.625260] megasas: 06.600.18.00-rc1 Wed. May. 15 17:00:00 PDT 2013
Oct 12 13:07:43 syang-ubuntu kernel: [    0.625398] ata_piix 0000:00:01.1: version 2.13
Oct 12 13:07:43 syang-ubuntu kernel: [    0.627097] scsi0 : ata_piix
Oct 12 13:07:43 syang-ubuntu kernel: [    0.627193] scsi1 : ata_piix
Oct 12 13:07:43 syang-ubuntu kernel: [    0.627225] ata1: PATA max UDMA/33 cmd 0x1f0 ctl 0x3f6 bmdma 0xd000 irq 14
Oct 12 13:07:43 syang-ubuntu kernel: [    0.627229] ata2: PATA max UDMA/33 cmd 0x170 ctl 0x376 bmdma 0xd008 irq 15
Oct 12 13:07:43 syang-ubuntu kernel: [    0.628274] libphy: Fixed MDIO Bus: probed
Oct 12 13:07:43 syang-ubuntu kernel: [    0.628374] tun: Universal TUN/TAP device driver, 1.6
Oct 12 13:07:43 syang-ubuntu kernel: [    0.628378] tun: (C) 1999-2004 Max Krasnyansky <maxk@qualcomm.com>
Oct 12 13:07:43 syang-ubuntu kernel: [    0.628439] PPP generic driver version 2.4.2
Oct 12 13:07:43 syang-ubuntu kernel: [    0.628489] ehci_hcd: USB 2.0 'Enhanced' Host Controller (EHCI) Driver
Oct 12 13:07:43 syang-ubuntu kernel: [    0.628493] ehci-pci: EHCI PCI platform driver
Oct 12 13:07:43 syang-ubuntu kernel: [    0.629536] ehci-pci 0000:00:0b.0: EHCI Host Controller
Oct 12 13:07:43 syang-ubuntu kernel: [    0.629554] ehci-pci 0000:00:0b.0: new USB bus registered, assigned bus number 1
Oct 12 13:07:43 syang-ubuntu kernel: [    0.629920] ehci-pci 0000:00:0b.0: irq 19, io mem 0xf0805000
Oct 12 13:07:43 syang-ubuntu kernel: [    0.640998] ehci-pci 0000:00:0b.0: USB 2.0 started, EHCI 1.00
Oct 12 13:07:43 syang-ubuntu kernel: [    0.641034] usb usb1: New USB device found, idVendor=1d6b, idProduct=0002
Oct 12 13:07:43 syang-ubuntu kernel: [    0.641038] usb usb1: New USB device strings: Mfr=3, Product=2, SerialNumber=1
Oct 12 13:07:43 syang-ubuntu kernel: [    0.641042] usb usb1: Product: EHCI Host Controller
Oct 12 13:07:43 syang-ubuntu kernel: [    0.641046] usb usb1: Manufacturer: Linux 3.11.0-15-generic ehci_hcd
Oct 12 13:07:43 syang-ubuntu kernel: [    0.641050] usb usb1: SerialNumber: 0000:00:0b.0
Oct 12 13:07:43 syang-ubuntu kernel: [    0.641180] hub 1-0:1.0: USB hub found
Oct 12 13:07:43 syang-ubuntu kernel: [    0.641187] hub 1-0:1.0: 8 ports detected
Oct 12 13:07:43 syang-ubuntu kernel: [    0.641329] ehci-platform: EHCI generic platform driver
Oct 12 13:07:43 syang-ubuntu kernel: [    0.641349] ohci_hcd: USB 1.1 'Open' Host Controller (OHCI) Driver
Oct 12 13:07:43 syang-ubuntu kernel: [    0.641353] ohci-pci: OHCI PCI platform driver
Oct 12 13:07:43 syang-ubuntu kernel: [    0.642234] ohci-pci 0000:00:06.0: OHCI PCI host controller
Oct 12 13:07:43 syang-ubuntu kernel: [    0.642244] ohci-pci 0000:00:06.0: new USB bus registered, assigned bus number 2
Oct 12 13:07:43 syang-ubuntu kernel: [    0.642336] ohci-pci 0000:00:06.0: irq 22, io mem 0xf0804000
Oct 12 13:07:43 syang-ubuntu kernel: [    0.696447] usb usb2: New USB device found, idVendor=1d6b, idProduct=0001
Oct 12 13:07:43 syang-ubuntu kernel: [    0.696454] usb usb2: New USB device strings: Mfr=3, Product=2, SerialNumber=1
Oct 12 13:07:43 syang-ubuntu kernel: [    0.696459] usb usb2: Product: OHCI PCI host controller
Oct 12 13:07:43 syang-ubuntu kernel: [    0.696462] usb usb2: Manufacturer: Linux 3.11.0-15-generic ohci_hcd
Oct 12 13:07:43 syang-ubuntu kernel: [    0.696466] usb usb2: SerialNumber: 0000:00:06.0
Oct 12 13:07:43 syang-ubuntu kernel: [    0.696820] hub 2-0:1.0: USB hub found
Oct 12 13:07:43 syang-ubuntu kernel: [    0.696840] hub 2-0:1.0: 8 ports detected
Oct 12 13:07:43 syang-ubuntu kernel: [    0.697271] ohci-platform: OHCI generic platform driver
Oct 12 13:07:43 syang-ubuntu kernel: [    0.697301] uhci_hcd: USB Universal Host Controller Interface driver
Oct 12 13:07:43 syang-ubuntu kernel: [    0.697420] i8042: PNP: PS/2 Controller [PNP0303:PS2K,PNP0f03:PS2M] at 0x60,0x64 irq 1,12
Oct 12 13:07:43 syang-ubuntu kernel: [    0.699187] serio: i8042 KBD port at 0x60,0x64 irq 1
Oct 12 13:07:43 syang-ubuntu kernel: [    0.699201] serio: i8042 AUX port at 0x60,0x64 irq 12
Oct 12 13:07:43 syang-ubuntu kernel: [    0.699778] mousedev: PS/2 mouse device common for all mice
Oct 12 13:07:43 syang-ubuntu kernel: [    0.700867] input: AT Translated Set 2 keyboard as /devices/platform/i8042/serio0/input/input2
Oct 12 13:07:43 syang-ubuntu kernel: [    0.701781] rtc_cmos rtc_cmos: rtc core: registered rtc_cmos as rtc0
Oct 12 13:07:43 syang-ubuntu kernel: [    0.701934] rtc_cmos rtc_cmos: alarms up to one day, 114 bytes nvram
Oct 12 13:07:43 syang-ubuntu kernel: [    0.702010] device-mapper: uevent: version 1.0.3
Oct 12 13:07:43 syang-ubuntu kernel: [    0.702257] device-mapper: ioctl: 4.25.0-ioctl (2013-06-26) initialised: dm-devel@redhat.com
Oct 12 13:07:43 syang-ubuntu kernel: [    0.702426] cpuidle: using governor ladder
Oct 12 13:07:43 syang-ubuntu kernel: [    0.702431] cpuidle: using governor menu
Oct 12 13:07:43 syang-ubuntu kernel: [    0.702444] ledtrig-cpu: registered to indicate activity on CPUs
Oct 12 13:07:43 syang-ubuntu kernel: [    0.702526] TCP: cubic registered
Oct 12 13:07:43 syang-ubuntu kernel: [    0.702617] NET: Registered protocol family 10
Oct 12 13:07:43 syang-ubuntu kernel: [    0.702817] NET: Registered protocol family 17
Oct 12 13:07:43 syang-ubuntu kernel: [    0.702831] Key type dns_resolver registered
Oct 12 13:07:43 syang-ubuntu kernel: [    0.703715] PM: Hibernation image not present or could not be loaded.
Oct 12 13:07:43 syang-ubuntu kernel: [    0.703729] Loading module verification certificates
Oct 12 13:07:43 syang-ubuntu kernel: [    0.704585] MODSIGN: Loaded cert 'Magrathea: Glacier signing key: e20ade5b3af83aaa8563f0ef4119a030c4d3ffdb'
Oct 12 13:07:43 syang-ubuntu kernel: [    0.704602] registered taskstats version 1
Oct 12 13:07:43 syang-ubuntu kernel: [    0.708861] Key type trusted registered
Oct 12 13:07:43 syang-ubuntu kernel: [    0.713097] Key type encrypted registered
Oct 12 13:07:43 syang-ubuntu kernel: [    0.717360] AppArmor: AppArmor sha1 policy hashing enabled
Oct 12 13:07:43 syang-ubuntu kernel: [    0.718008]   Magic number: 2:518:112
Oct 12 13:07:43 syang-ubuntu kernel: [    0.718196] rtc_cmos rtc_cmos: setting system clock to 2014-10-12 05:07:34 UTC (1413090454)
Oct 12 13:07:43 syang-ubuntu kernel: [    0.718323] BIOS EDD facility v0.16 2004-Jun-25, 0 devices found
Oct 12 13:07:43 syang-ubuntu kernel: [    0.718328] EDD information not available.
Oct 12 13:07:43 syang-ubuntu kernel: [    0.784741] ata2.00: ATAPI: VBOX CD-ROM, 1.0, max UDMA/133
Oct 12 13:07:43 syang-ubuntu kernel: [    0.785541] ata2.00: configured for UDMA/33
Oct 12 13:07:43 syang-ubuntu kernel: [    0.786364] scsi 1:0:0:0: CD-ROM            VBOX     CD-ROM           1.0  PQ: 0 ANSI: 5
Oct 12 13:07:43 syang-ubuntu kernel: [    0.787399] sr0: scsi3-mmc drive: 32x/32x xa/form2 tray
Oct 12 13:07:43 syang-ubuntu kernel: [    0.787405] cdrom: Uniform CD-ROM driver Revision: 3.20
Oct 12 13:07:43 syang-ubuntu kernel: [    0.787732] sr 1:0:0:0: Attached scsi CD-ROM sr0
Oct 12 13:07:43 syang-ubuntu kernel: [    0.788230] sr 1:0:0:0: Attached scsi generic sg0 type 5
Oct 12 13:07:43 syang-ubuntu kernel: [    0.789498] Freeing unused kernel memory: 1392K (ffffffff81d0f000 - ffffffff81e6b000)
Oct 12 13:07:43 syang-ubuntu kernel: [    0.789502] Write protecting the kernel read-only data: 12288k
Oct 12 13:07:43 syang-ubuntu kernel: [    0.791352] Freeing unused kernel memory: 672K (ffff880001758000 - ffff880001800000)
Oct 12 13:07:43 syang-ubuntu kernel: [    0.791976] Freeing unused kernel memory: 20K (ffff880001bfb000 - ffff880001c00000)
Oct 12 13:07:43 syang-ubuntu kernel: [    0.888633] e1000: Intel(R) PRO/1000 Network Driver - version 7.3.21-k8-NAPI
Oct 12 13:07:43 syang-ubuntu kernel: [    0.888639] e1000: Copyright (c) 1999-2006 Intel Corporation.
Oct 12 13:07:43 syang-ubuntu kernel: [    1.104175] usb 2-1: new full-speed USB device number 2 using ohci-pci
Oct 12 13:07:43 syang-ubuntu kernel: [    1.302330] e1000 0000:00:03.0 eth0: (PCI:33MHz:32-bit) 08:00:27:95:79:52
Oct 12 13:07:43 syang-ubuntu kernel: [    1.302348] e1000 0000:00:03.0 eth0: Intel(R) PRO/1000 Network Connection
Oct 12 13:07:43 syang-ubuntu kernel: [    1.302455] ahci 0000:00:0d.0: version 3.0
Oct 12 13:07:43 syang-ubuntu kernel: [    1.303475] ahci: SSS flag set, parallel bus scan disabled
Oct 12 13:07:43 syang-ubuntu kernel: [    1.303714] ahci 0000:00:0d.0: AHCI 0001.0100 32 slots 1 ports 3 Gbps 0x1 impl SATA mode
Oct 12 13:07:43 syang-ubuntu kernel: [    1.303723] ahci 0000:00:0d.0: flags: 64bit ncq stag only ccc 
Oct 12 13:07:43 syang-ubuntu kernel: [    1.304883] scsi2 : ahci
Oct 12 13:07:43 syang-ubuntu kernel: [    1.304983] ata3: SATA max UDMA/133 abar m8192@0xf0806000 port 0xf0806100 irq 21
Oct 12 13:07:43 syang-ubuntu kernel: [    1.368003] usb 2-1: New USB device found, idVendor=80ee, idProduct=0021
Oct 12 13:07:43 syang-ubuntu kernel: [    1.368075] usb 2-1: New USB device strings: Mfr=1, Product=3, SerialNumber=0
Oct 12 13:07:43 syang-ubuntu kernel: [    1.368080] usb 2-1: Product: USB Tablet
Oct 12 13:07:43 syang-ubuntu kernel: [    1.368084] usb 2-1: Manufacturer: VirtualBox
Oct 12 13:07:43 syang-ubuntu kernel: [    1.377358] hidraw: raw HID events driver (C) Jiri Kosina
Oct 12 13:07:43 syang-ubuntu kernel: [    1.387791] usbcore: registered new interface driver usbhid
Oct 12 13:07:43 syang-ubuntu kernel: [    1.387797] usbhid: USB HID core driver
Oct 12 13:07:43 syang-ubuntu kernel: [    1.396391] input: VirtualBox USB Tablet as /devices/pci0000:00/0000:00:06.0/usb2/2-1/2-1:1.0/input/input3
Oct 12 13:07:43 syang-ubuntu kernel: [    1.396612] hid-generic 0003:80EE:0021.0001: input,hidraw0: USB HID v1.10 Mouse [VirtualBox USB Tablet] on usb-0000:00:06.0-1/input0
Oct 12 13:07:43 syang-ubuntu kernel: [    1.573341] tsc: Refined TSC clocksource calibration: 1989.015 MHz
Oct 12 13:07:43 syang-ubuntu kernel: [    1.629781] ata3: SATA link up 3.0 Gbps (SStatus 123 SControl 300)
Oct 12 13:07:43 syang-ubuntu kernel: [    1.630205] ata3.00: ATA-6: VBOX HARDDISK, 1.0, max UDMA/133
Oct 12 13:07:43 syang-ubuntu kernel: [    1.630217] ata3.00: 31684960 sectors, multi 128: LBA48 NCQ (depth 31/32)
Oct 12 13:07:43 syang-ubuntu kernel: [    1.630916] ata3.00: configured for UDMA/133
Oct 12 13:07:43 syang-ubuntu kernel: [    1.632110] scsi 2:0:0:0: Direct-Access     ATA      VBOX HARDDISK    1.0  PQ: 0 ANSI: 5
Oct 12 13:07:43 syang-ubuntu kernel: [    1.632560] sd 2:0:0:0: [sda] 31684960 512-byte logical blocks: (16.2 GB/15.1 GiB)
Oct 12 13:07:43 syang-ubuntu kernel: [    1.632755] sd 2:0:0:0: Attached scsi generic sg1 type 0
Oct 12 13:07:43 syang-ubuntu kernel: [    1.632864] sd 2:0:0:0: [sda] Write Protect is off
Oct 12 13:07:43 syang-ubuntu kernel: [    1.632875] sd 2:0:0:0: [sda] Mode Sense: 00 3a 00 00
Oct 12 13:07:43 syang-ubuntu kernel: [    1.633186] sd 2:0:0:0: [sda] Write cache: enabled, read cache: enabled, doesn't support DPO or FUA
Oct 12 13:07:43 syang-ubuntu kernel: [    1.674907]  sda: sda1 sda2 < sda5 >
Oct 12 13:07:43 syang-ubuntu kernel: [    1.677110] sd 2:0:0:0: [sda] Attached SCSI disk
Oct 12 13:07:43 syang-ubuntu kernel: [    1.895836] EXT4-fs (sda1): mounted filesystem with ordered data mode. Opts: (null)
Oct 12 13:07:43 syang-ubuntu kernel: [    2.574109] Switched to clocksource tsc
Oct 12 13:07:43 syang-ubuntu kernel: [    4.001637] Adding 1564668k swap on /dev/sda5.  Priority:-1 extents:1 across:1564668k FS
Oct 12 13:07:43 syang-ubuntu kernel: [    5.417692] IPv6: ADDRCONF(NETDEV_UP): eth0: link is not ready
Oct 12 13:07:43 syang-ubuntu kernel: [    6.017944] lp: driver loaded but no devices found
Oct 12 13:07:43 syang-ubuntu kernel: [    6.269692] EXT4-fs (sda1): re-mounted. Opts: errors=remount-ro
Oct 12 13:07:43 syang-ubuntu kernel: [    6.513898] parport_pc 00:03: reported by Plug and Play ACPI
Oct 12 13:07:43 syang-ubuntu kernel: [    6.664699] ppdev: user-space parallel port driver
Oct 12 13:07:43 syang-ubuntu kernel: [    6.772691] piix4_smbus 0000:00:07.0: SMBus base address uninitialized - upgrade BIOS or use force_addr=0xaddr
Oct 12 13:07:43 syang-ubuntu kernel: [    7.209856] input: ImExPS/2 Generic Explorer Mouse as /devices/platform/i8042/serio1/input/input4
Oct 12 13:07:43 syang-ubuntu kernel: [    8.960273] intel8x0_measure_ac97_clock: measured 54489 usecs (1671 samples)
Oct 12 13:07:43 syang-ubuntu kernel: [    8.960279] intel8x0: measured clock 30666 rejected
Oct 12 13:07:43 syang-ubuntu kernel: [    9.162712] type=1400 audit(1413090462.941:2): apparmor="STATUS" operation="profile_load" parent=596 profile="unconfined" name="/sbin/dhclient" pid=613 comm="apparmor_parser"
Oct 12 13:07:43 syang-ubuntu kernel: [    9.162723] type=1400 audit(1413090462.941:3): apparmor="STATUS" operation="profile_load" parent=596 profile="unconfined" name="/usr/lib/NetworkManager/nm-dhcp-client.action" pid=613 comm="apparmor_parser"
Oct 12 13:07:43 syang-ubuntu kernel: [    9.162731] type=1400 audit(1413090462.941:4): apparmor="STATUS" operation="profile_load" parent=596 profile="unconfined" name="/usr/lib/connman/scripts/dhclient-script" pid=613 comm="apparmor_parser"
Oct 12 13:07:43 syang-ubuntu kernel: [    9.163150] type=1400 audit(1413090462.941:5): apparmor="STATUS" operation="profile_replace" parent=618 profile="unconfined" name="/sbin/dhclient" pid=619 comm="apparmor_parser"
Oct 12 13:07:43 syang-ubuntu kernel: [    9.163160] type=1400 audit(1413090462.941:6): apparmor="STATUS" operation="profile_replace" parent=618 profile="unconfined" name="/usr/lib/NetworkManager/nm-dhcp-client.action" pid=619 comm="apparmor_parser"
Oct 12 13:07:43 syang-ubuntu kernel: [    9.163167] type=1400 audit(1413090462.941:7): apparmor="STATUS" operation="profile_replace" parent=618 profile="unconfined" name="/usr/lib/connman/scripts/dhclient-script" pid=619 comm="apparmor_parser"
Oct 12 13:07:43 syang-ubuntu kernel: [    9.163292] type=1400 audit(1413090462.941:8): apparmor="STATUS" operation="profile_replace" parent=596 profile="unconfined" name="/usr/lib/NetworkManager/nm-dhcp-client.action" pid=613 comm="apparmor_parser"
Oct 12 13:07:43 syang-ubuntu kernel: [    9.163301] type=1400 audit(1413090462.941:9): apparmor="STATUS" operation="profile_replace" parent=596 profile="unconfined" name="/usr/lib/connman/scripts/dhclient-script" pid=613 comm="apparmor_parser"
Oct 12 13:07:43 syang-ubuntu kernel: [    9.163557] type=1400 audit(1413090462.941:10): apparmor="STATUS" operation="profile_replace" parent=596 profile="unconfined" name="/usr/lib/connman/scripts/dhclient-script" pid=613 comm="apparmor_parser"
Oct 12 13:07:43 syang-ubuntu kernel: [    9.163724] type=1400 audit(1413090462.941:11): apparmor="STATUS" operation="profile_replace" parent=618 profile="unconfined" name="/usr/lib/NetworkManager/nm-dhcp-client.action" pid=619 comm="apparmor_parser"
Oct 12 13:07:43 syang-ubuntu kernel: [    9.321719] intel8x0_measure_ac97_clock: measured 56660 usecs (3900 samples)
Oct 12 13:07:43 syang-ubuntu kernel: [    9.321726] intel8x0: measured clock 68831 rejected
Oct 12 13:07:43 syang-ubuntu failsafe: Failsafe of 120 seconds reached.
Oct 12 13:07:43 syang-ubuntu udev-configure-printer: add /module/lp
Oct 12 13:07:43 syang-ubuntu udev-configure-printer: Failed to get parent
Oct 12 13:07:43 syang-ubuntu kernel: [    9.680952] intel8x0_measure_ac97_clock: measured 56428 usecs (3900 samples)
Oct 12 13:07:43 syang-ubuntu kernel: [    9.680960] intel8x0: measured clock 69114 rejected
Oct 12 13:07:43 syang-ubuntu kernel: [    9.680966] intel8x0: clocking to 48000
Oct 12 13:07:44 syang-ubuntu bluetoothd[799]: Bluetooth daemon 4.98
Oct 12 13:07:44 syang-ubuntu bluetoothd[799]: Starting SDP server
Oct 12 13:07:45 syang-ubuntu avahi-daemon[837]: Found user 'avahi' (UID 107) and group 'avahi' (GID 118).
Oct 12 13:07:45 syang-ubuntu avahi-daemon[837]: Successfully dropped root privileges.
Oct 12 13:07:45 syang-ubuntu avahi-daemon[837]: avahi-daemon 0.6.30 starting up.
Oct 12 13:07:45 syang-ubuntu avahi-daemon[837]: Successfully called chroot().
Oct 12 13:07:45 syang-ubuntu avahi-daemon[837]: Successfully dropped remaining capabilities.
Oct 12 13:07:45 syang-ubuntu kernel: [   11.399387] Bluetooth: Core ver 2.16
Oct 12 13:07:45 syang-ubuntu kernel: [   11.399458] NET: Registered protocol family 31
Oct 12 13:07:45 syang-ubuntu kernel: [   11.399462] Bluetooth: HCI device and connection manager initialized
Oct 12 13:07:45 syang-ubuntu kernel: [   11.399471] Bluetooth: HCI socket layer initialized
Oct 12 13:07:45 syang-ubuntu kernel: [   11.399475] Bluetooth: L2CAP socket layer initialized
Oct 12 13:07:45 syang-ubuntu kernel: [   11.399483] Bluetooth: SCO socket layer initialized
Oct 12 13:07:45 syang-ubuntu avahi-daemon[837]: Loading service file /services/udisks.service.
Oct 12 13:07:45 syang-ubuntu bluetoothd[799]: Failed to init alert plugin
Oct 12 13:07:45 syang-ubuntu bluetoothd[799]: Failed to init time plugin
Oct 12 13:07:45 syang-ubuntu avahi-daemon[837]: Network interface enumeration completed.
Oct 12 13:07:45 syang-ubuntu avahi-daemon[837]: Registering HINFO record with values 'X86_64'/'LINUX'.
Oct 12 13:07:45 syang-ubuntu avahi-daemon[837]: Server startup complete. Host name is syang-ubuntu.local. Local service cookie is 1651558964.
Oct 12 13:07:45 syang-ubuntu avahi-daemon[837]: Service "syang-ubuntu" (/services/udisks.service) successfully established.
Oct 12 13:07:45 syang-ubuntu bluetoothd[799]: Failed to init proximity plugin
Oct 12 13:07:45 syang-ubuntu modem-manager[767]: <info>  ModemManager (version 0.5.2.0) starting...
Oct 12 13:07:45 syang-ubuntu kernel: [   11.785967] Bluetooth: RFCOMM TTY layer initialized
Oct 12 13:07:45 syang-ubuntu kernel: [   11.785989] Bluetooth: RFCOMM socket layer initialized
Oct 12 13:07:45 syang-ubuntu kernel: [   11.785993] Bluetooth: RFCOMM ver 1.11
Oct 12 13:07:45 syang-ubuntu kernel: [   11.837556] Bluetooth: BNEP (Ethernet Emulation) ver 1.3
Oct 12 13:07:45 syang-ubuntu kernel: [   11.837566] Bluetooth: BNEP filters: protocol multicast
Oct 12 13:07:45 syang-ubuntu kernel: [   11.837582] Bluetooth: BNEP socket layer initialized
Oct 12 13:07:45 syang-ubuntu bluetoothd[799]: Failed to init gatt_example plugin
Oct 12 13:07:45 syang-ubuntu modem-manager[767]: <info>  Loaded plugin Novatel
Oct 12 13:07:45 syang-ubuntu modem-manager[767]: <info>  Loaded plugin X22X
Oct 12 13:07:45 syang-ubuntu modem-manager[767]: <info>  Loaded plugin Wavecom
Oct 12 13:07:45 syang-ubuntu modem-manager[767]: <info>  Loaded plugin Longcheer
Oct 12 13:07:45 syang-ubuntu modem-manager[767]: <info>  Loaded plugin Option
Oct 12 13:07:46 syang-ubuntu modem-manager[767]: <info>  Loaded plugin ZTE
Oct 12 13:07:46 syang-ubuntu modem-manager[767]: <info>  Loaded plugin Huawei
Oct 12 13:07:46 syang-ubuntu modem-manager[767]: <info>  Loaded plugin MotoC
Oct 12 13:07:46 syang-ubuntu modem-manager[767]: <info>  Loaded plugin Samsung
Oct 12 13:07:46 syang-ubuntu modem-manager[767]: <info>  Loaded plugin Nokia
Oct 12 13:07:46 syang-ubuntu modem-manager[767]: <info>  Loaded plugin Generic
Oct 12 13:07:46 syang-ubuntu modem-manager[767]: <info>  Loaded plugin AnyData
Oct 12 13:07:46 syang-ubuntu modem-manager[767]: <info>  Loaded plugin Ericsson MBM
Oct 12 13:07:46 syang-ubuntu modem-manager[767]: <info>  Loaded plugin Sierra
Oct 12 13:07:46 syang-ubuntu NetworkManager[867]: <info> NetworkManager (version 0.9.4.0) is starting...
Oct 12 13:07:46 syang-ubuntu NetworkManager[867]: <info> Read config file /etc/NetworkManager/NetworkManager.conf
Oct 12 13:07:46 syang-ubuntu modem-manager[767]: <info>  Loaded plugin SimTech
Oct 12 13:07:46 syang-ubuntu modem-manager[767]: <info>  Loaded plugin Gobi
Oct 12 13:07:46 syang-ubuntu modem-manager[767]: <info>  Loaded plugin Option High-Speed
Oct 12 13:07:46 syang-ubuntu modem-manager[767]: <info>  Loaded plugin Linktop
Oct 12 13:07:46 syang-ubuntu kernel: [   13.180650] vesafb: module verification failed: signature and/or required key missing - tainting kernel
Oct 12 13:07:46 syang-ubuntu kernel: [   13.181064] vesafb: mode is 640x480x32, linelength=2560, pages=0
Oct 12 13:07:46 syang-ubuntu kernel: [   13.181068] vesafb: scrolling: redraw
Oct 12 13:07:46 syang-ubuntu kernel: [   13.181072] vesafb: Truecolor: size=8:8:8:8, shift=24:16:8:0
Oct 12 13:07:46 syang-ubuntu kernel: [   13.181082] mtrr: your processor doesn't support write-combining
Oct 12 13:07:46 syang-ubuntu kernel: [   13.181154] vesafb: framebuffer at 0xe0000000, mapped to 0xffffc90000600000, using 1216k, total 1216k
Oct 12 13:07:46 syang-ubuntu kernel: [   13.182496] Console: switching to colour frame buffer device 80x30
Oct 12 13:07:46 syang-ubuntu kernel: [   13.185103] fb0: VESA VGA frame buffer device
Oct 12 13:07:47 syang-ubuntu anacron[908]: Anacron 2.3 started on 2014-10-12
Oct 12 13:07:47 syang-ubuntu acpid: starting up with proc fs
Oct 12 13:07:47 syang-ubuntu cron[896]: (CRON) INFO (pidfile fd = 3)
Oct 12 13:07:47 syang-ubuntu anacron[908]: Will run job `cron.daily' in 5 min.
Oct 12 13:07:47 syang-ubuntu anacron[908]: Will run job `cron.weekly' in 10 min.
Oct 12 13:07:47 syang-ubuntu anacron[908]: Will run job `cron.monthly' in 15 min.
Oct 12 13:07:47 syang-ubuntu anacron[908]: Jobs will be executed sequentially
Oct 12 13:07:47 syang-ubuntu cron[916]: (CRON) STARTUP (fork ok)
Oct 12 13:07:48 syang-ubuntu cron[916]: (CRON) INFO (Running @reboot jobs)
Oct 12 13:07:48 syang-ubuntu NetworkManager[867]: <info> VPN: loaded org.freedesktop.NetworkManager.pptp
Oct 12 13:07:48 syang-ubuntu NetworkManager[867]: <info> DNS: loaded plugin dnsmasq
Oct 12 13:07:49 syang-ubuntu dbus[743]: [system] Activating service name='org.freedesktop.PolicyKit1' (using servicehelper)
Oct 12 13:07:49 syang-ubuntu acpid: 35 rules loaded
Oct 12 13:07:49 syang-ubuntu acpid: waiting for events: event logging is off
Oct 12 13:07:49 syang-ubuntu polkitd[963]: started daemon version 0.104 using authority implementation `local' version `0.104'
Oct 12 13:07:49 syang-ubuntu dbus[743]: [system] Successfully activated service 'org.freedesktop.PolicyKit1'
Oct 12 13:07:50 syang-ubuntu NetworkManager[867]:    SCPlugin-Ifupdown: init!
Oct 12 13:07:50 syang-ubuntu NetworkManager[867]:    SCPlugin-Ifupdown: update_system_hostname
Oct 12 13:07:50 syang-ubuntu NetworkManager[867]:    SCPluginIfupdown: management mode: unmanaged
Oct 12 13:07:50 syang-ubuntu NetworkManager[867]:    SCPlugin-Ifupdown: devices added (path: /sys/devices/pci0000:00/0000:00:03.0/net/eth0, iface: eth0)
Oct 12 13:07:50 syang-ubuntu NetworkManager[867]:    SCPlugin-Ifupdown: device added (path: /sys/devices/pci0000:00/0000:00:03.0/net/eth0, iface: eth0): no ifupdown configuration found.
Oct 12 13:07:50 syang-ubuntu NetworkManager[867]:    SCPlugin-Ifupdown: devices added (path: /sys/devices/virtual/net/lo, iface: lo)
Oct 12 13:07:50 syang-ubuntu NetworkManager[867]:    SCPlugin-Ifupdown: device added (path: /sys/devices/virtual/net/lo, iface: lo): no ifupdown configuration found.
Oct 12 13:07:50 syang-ubuntu NetworkManager[867]:    SCPlugin-Ifupdown: end _init.
Oct 12 13:07:50 syang-ubuntu NetworkManager[867]: <info> Loaded plugin ifupdown: (C) 2008 Canonical Ltd.  To report bugs please use the NetworkManager mailing list.
Oct 12 13:07:50 syang-ubuntu NetworkManager[867]: <info> Loaded plugin keyfile: (c) 2007 - 2010 Red Hat, Inc.  To report bugs please use the NetworkManager mailing list.
Oct 12 13:07:50 syang-ubuntu NetworkManager[867]:    Ifupdown: get unmanaged devices count: 0
Oct 12 13:07:50 syang-ubuntu NetworkManager[867]:    SCPlugin-Ifupdown: (10761008) ... get_connections.
Oct 12 13:07:50 syang-ubuntu NetworkManager[867]:    SCPlugin-Ifupdown: (10761008) ... get_connections (managed=false): return empty list.
Oct 12 13:07:50 syang-ubuntu NetworkManager[867]:    Ifupdown: get unmanaged devices count: 0
Oct 12 13:07:50 syang-ubuntu NetworkManager[867]: <info> modem-manager is now available
Oct 12 13:07:50 syang-ubuntu NetworkManager[867]: <info> monitoring kernel firmware directory '/lib/firmware'.
Oct 12 13:07:50 syang-ubuntu NetworkManager[867]: <info> WiFi enabled by radio killswitch; enabled by state file
Oct 12 13:07:50 syang-ubuntu NetworkManager[867]: <info> WWAN enabled by radio killswitch; enabled by state file
Oct 12 13:07:50 syang-ubuntu NetworkManager[867]: <info> WiMAX enabled by radio killswitch; enabled by state file
Oct 12 13:07:50 syang-ubuntu NetworkManager[867]: <info> Networking is enabled by state file
Oct 12 13:07:50 syang-ubuntu NetworkManager[867]: <warn> failed to allocate link cache: (-10) Operation not supported
Oct 12 13:07:50 syang-ubuntu NetworkManager[867]: <info> (eth0): carrier is OFF
Oct 12 13:07:50 syang-ubuntu NetworkManager[867]: <info> (eth0): new Ethernet device (driver: 'e1000' ifindex: 2)
Oct 12 13:07:50 syang-ubuntu NetworkManager[867]: <info> (eth0): exported as /org/freedesktop/NetworkManager/Devices/0
Oct 12 13:07:50 syang-ubuntu NetworkManager[867]: <info> (eth0): now managed
Oct 12 13:07:50 syang-ubuntu NetworkManager[867]: <info> (eth0): device state change: unmanaged -> unavailable (reason 'managed') [10 20 2]
Oct 12 13:07:50 syang-ubuntu NetworkManager[867]: <info> (eth0): bringing up device.
Oct 12 13:07:50 syang-ubuntu NetworkManager[867]: <info> (eth0): preparing device.
Oct 12 13:07:50 syang-ubuntu NetworkManager[867]: <info> (eth0): deactivating device (reason 'managed') [2]
Oct 12 13:07:50 syang-ubuntu NetworkManager[867]: <info> Added default wired connection 'Wired connection 1' for /sys/devices/pci0000:00/0000:00:03.0/net/eth0
Oct 12 13:07:50 syang-ubuntu kernel: [   16.335219] IPv6: ADDRCONF(NETDEV_UP): eth0: link is not ready
Oct 12 13:07:50 syang-ubuntu kernel: [   16.335548] IPv6: ADDRCONF(NETDEV_UP): eth0: link is not ready
Oct 12 13:07:50 syang-ubuntu kernel: [   16.336611] e1000: eth0 NIC Link is Up 1000 Mbps Full Duplex, Flow Control: RX
Oct 12 13:07:50 syang-ubuntu kernel: [   16.337077] IPv6: ADDRCONF(NETDEV_CHANGE): eth0: link becomes ready
Oct 12 13:07:50 syang-ubuntu NetworkManager[867]: <info> (eth0): carrier now ON (device state 20)
Oct 12 13:07:50 syang-ubuntu NetworkManager[867]: <info> (eth0): device state change: unavailable -> disconnected (reason 'carrier-changed') [20 30 40]
Oct 12 13:07:50 syang-ubuntu NetworkManager[867]: <info> Auto-activating connection 'Wired connection 1'.
Oct 12 13:07:50 syang-ubuntu NetworkManager[867]: <info> Activation (eth0) starting connection 'Wired connection 1'
Oct 12 13:07:50 syang-ubuntu NetworkManager[867]: <info> (eth0): device state change: disconnected -> prepare (reason 'none') [30 40 0]
Oct 12 13:07:50 syang-ubuntu NetworkManager[867]: <info> Activation (eth0) Stage 1 of 5 (Device Prepare) scheduled...
Oct 12 13:07:50 syang-ubuntu NetworkManager[867]: <info> Activation (eth0) Stage 1 of 5 (Device Prepare) started...
Oct 12 13:07:50 syang-ubuntu NetworkManager[867]: <info> Activation (eth0) Stage 2 of 5 (Device Configure) scheduled...
Oct 12 13:07:50 syang-ubuntu NetworkManager[867]: <info> Activation (eth0) Stage 1 of 5 (Device Prepare) complete.
Oct 12 13:07:50 syang-ubuntu NetworkManager[867]: <info> Activation (eth0) Stage 2 of 5 (Device Configure) starting...
Oct 12 13:07:50 syang-ubuntu NetworkManager[867]: <info> (eth0): device state change: prepare -> config (reason 'none') [40 50 0]
Oct 12 13:07:50 syang-ubuntu NetworkManager[867]: <info> Activation (eth0) Stage 2 of 5 (Device Configure) successful.
Oct 12 13:07:50 syang-ubuntu NetworkManager[867]: <info> Activation (eth0) Stage 3 of 5 (IP Configure Start) scheduled.
Oct 12 13:07:50 syang-ubuntu NetworkManager[867]: <info> Activation (eth0) Stage 2 of 5 (Device Configure) complete.
Oct 12 13:07:50 syang-ubuntu NetworkManager[867]: <info> Activation (eth0) Stage 3 of 5 (IP Configure Start) started...
Oct 12 13:07:50 syang-ubuntu NetworkManager[867]: <info> (eth0): device state change: config -> ip-config (reason 'none') [50 70 0]
Oct 12 13:07:50 syang-ubuntu NetworkManager[867]: <info> Activation (eth0) Beginning DHCPv4 transaction (timeout in 45 seconds)
Oct 12 13:07:50 syang-ubuntu NetworkManager[867]: <info> dhclient started with pid 969
Oct 12 13:07:50 syang-ubuntu NetworkManager[867]: <info> Activation (eth0) Beginning IP6 addrconf.
Oct 12 13:07:50 syang-ubuntu NetworkManager[867]: <info> Activation (eth0) Stage 3 of 5 (IP Configure Start) complete.
Oct 12 13:07:50 syang-ubuntu dhclient: Internet Systems Consortium DHCP Client 4.1-ESV-R4
Oct 12 13:07:50 syang-ubuntu dhclient: Copyright 2004-2011 Internet Systems Consortium.
Oct 12 13:07:50 syang-ubuntu dhclient: All rights reserved.
Oct 12 13:07:50 syang-ubuntu dhclient: For info, please visit https://www.isc.org/software/dhcp/
Oct 12 13:07:50 syang-ubuntu dhclient: 
Oct 12 13:07:50 syang-ubuntu NetworkManager[867]: <info> (eth0): DHCPv4 state changed nbi -> preinit
Oct 12 13:07:50 syang-ubuntu dhclient: Listening on LPF/eth0/08:00:27:95:79:52
Oct 12 13:07:50 syang-ubuntu dhclient: Sending on   LPF/eth0/08:00:27:95:79:52
Oct 12 13:07:50 syang-ubuntu dhclient: Sending on   Socket/fallback
Oct 12 13:07:50 syang-ubuntu dhclient: DHCPDISCOVER on eth0 to 255.255.255.255 port 67 interval 3
Oct 12 13:07:50 syang-ubuntu dhclient: DHCPREQUEST of 10.0.2.15 on eth0 to 255.255.255.255 port 67
Oct 12 13:07:50 syang-ubuntu dhclient: DHCPOFFER of 10.0.2.15 from 10.0.2.2
Oct 12 13:07:50 syang-ubuntu dhclient: DHCPACK of 10.0.2.15 from 10.0.2.2
Oct 12 13:07:50 syang-ubuntu NetworkManager[867]: <info> (eth0): DHCPv4 state changed preinit -> bound
Oct 12 13:07:50 syang-ubuntu NetworkManager[867]: <info>   address 10.0.2.15
Oct 12 13:07:50 syang-ubuntu NetworkManager[867]: <info>   prefix 24 (255.255.255.0)
Oct 12 13:07:50 syang-ubuntu NetworkManager[867]: <info>   gateway 10.0.2.2
Oct 12 13:07:50 syang-ubuntu NetworkManager[867]: <info>   nameserver '192.168.1.1'
Oct 12 13:07:50 syang-ubuntu NetworkManager[867]: <info> Activation (eth0) Stage 5 of 5 (IPv4 Configure Commit) scheduled...
Oct 12 13:07:50 syang-ubuntu NetworkManager[867]: <info> Activation (eth0) Stage 5 of 5 (IPv4 Commit) started...
Oct 12 13:07:50 syang-ubuntu avahi-daemon[837]: Joining mDNS multicast group on interface eth0.IPv4 with address 10.0.2.15.
Oct 12 13:07:50 syang-ubuntu avahi-daemon[837]: New relevant interface eth0.IPv4 for mDNS.
Oct 12 13:07:50 syang-ubuntu avahi-daemon[837]: Registering new address record for 10.0.2.15 on eth0.IPv4.
Oct 12 13:07:50 syang-ubuntu dhclient: bound to 10.0.2.15 -- renewal in 40663 seconds.
Oct 12 13:07:51 syang-ubuntu NetworkManager[867]: <info> DNS: starting dnsmasq...
Oct 12 13:07:51 syang-ubuntu NetworkManager[867]: <error> [1413090471.620778] [nm-dns-dnsmasq.c:393] update(): dnsmasq not available on the bus, can't update servers.
Oct 12 13:07:51 syang-ubuntu NetworkManager[867]: <error> [1413090471.620933] [nm-dns-dnsmasq.c:395] update(): dnsmasq owner not found on bus: Could not get owner of name 'uk.org.thekelleys.dnsmasq': no such name
Oct 12 13:07:51 syang-ubuntu NetworkManager[867]: <warn> DNS: plugin dnsmasq update failed
Oct 12 13:07:51 syang-ubuntu NetworkManager[867]: <info> (eth0): writing resolv.conf to /sbin/resolvconf
Oct 12 13:07:51 syang-ubuntu dnsmasq[973]: started, version 2.59 cache disabled
Oct 12 13:07:51 syang-ubuntu dnsmasq[973]: compile time options: IPv6 GNU-getopt DBus i18n DHCP TFTP conntrack IDN
Oct 12 13:07:51 syang-ubuntu dnsmasq[973]: DBus support enabled: connected to system bus
Oct 12 13:07:51 syang-ubuntu dnsmasq[973]: warning: no upstream servers configured
Oct 12 13:07:51 syang-ubuntu NetworkManager[867]: <info> (eth0): device state change: ip-config -> activated (reason 'none') [70 100 0]
Oct 12 13:07:51 syang-ubuntu NetworkManager[867]: <info> Policy set 'Wired connection 1' (eth0) as default for IPv4 routing and DNS.
Oct 12 13:07:51 syang-ubuntu NetworkManager[867]: <info> Activation (eth0) successful, device activated.
Oct 12 13:07:51 syang-ubuntu dbus[743]: [system] Activating service name='org.freedesktop.nm_dispatcher' (using servicehelper)
Oct 12 13:07:51 syang-ubuntu NetworkManager[867]: <info> Activation (eth0) Stage 5 of 5 (IPv4 Commit) complete.
Oct 12 13:07:51 syang-ubuntu NetworkManager[867]: <warn> dnsmasq appeared on DBus: :1.12
Oct 12 13:07:51 syang-ubuntu NetworkManager[867]: <info> (eth0): writing resolv.conf to /sbin/resolvconf
Oct 12 13:07:51 syang-ubuntu dnsmasq[973]: setting upstream servers from DBus
Oct 12 13:07:51 syang-ubuntu dnsmasq[973]: using nameserver 192.168.1.1#53
Oct 12 13:07:51 syang-ubuntu dbus[743]: [system] Successfully activated service 'org.freedesktop.nm_dispatcher'
Oct 12 13:07:51 syang-ubuntu avahi-daemon[837]: Joining mDNS multicast group on interface eth0.IPv6 with address fe80::a00:27ff:fe95:7952.
Oct 12 13:07:51 syang-ubuntu avahi-daemon[837]: New relevant interface eth0.IPv6 for mDNS.
Oct 12 13:07:51 syang-ubuntu avahi-daemon[837]: Registering new address record for fe80::a00:27ff:fe95:7952 on eth0.*.
Oct 12 13:07:53 syang-ubuntu acpid: client connected from 1084[0:0]
Oct 12 13:07:53 syang-ubuntu acpid: 1 client rule loaded
Oct 12 13:07:55 syang-ubuntu dbus[743]: [system] Activating service name='org.freedesktop.Accounts' (using servicehelper)
Oct 12 13:07:55 syang-ubuntu dbus[743]: [system] Successfully activated service 'org.freedesktop.Accounts'
Oct 12 13:07:55 syang-ubuntu accounts-daemon[1197]: started daemon version 0.6.15
Oct 12 13:07:56 syang-ubuntu dbus[743]: [system] Activating service name='org.freedesktop.ConsoleKit' (using servicehelper)
Oct 12 13:07:56 syang-ubuntu dbus[743]: [system] Successfully activated service 'org.freedesktop.ConsoleKit'
Oct 12 13:07:58 syang-ubuntu dbus[743]: [system] Activating service name='org.freedesktop.UPower' (using servicehelper)
Oct 12 13:07:58 syang-ubuntu dbus[743]: [system] Successfully activated service 'org.freedesktop.UPower'
Oct 12 13:07:59 syang-ubuntu dbus[743]: [system] Activating service name='org.freedesktop.ColorManager' (using servicehelper)
Oct 12 13:07:59 syang-ubuntu dbus[743]: [system] Successfully activated service 'org.freedesktop.ColorManager'
Oct 12 13:08:01 syang-ubuntu ntpdate[1077]: adjust time server 91.189.94.4 offset -0.123856 sec
Oct 12 13:08:01 syang-ubuntu dbus[743]: [system] Activating service name='org.freedesktop.RealtimeKit1' (using servicehelper)
Oct 12 13:08:01 syang-ubuntu dbus[743]: [system] Successfully activated service 'org.freedesktop.RealtimeKit1'
Oct 12 13:08:01 syang-ubuntu rtkit-daemon[1476]: Successfully called chroot.
Oct 12 13:08:01 syang-ubuntu rtkit-daemon[1476]: Successfully dropped privileges.
Oct 12 13:08:01 syang-ubuntu rtkit-daemon[1476]: Successfully limited resources.
Oct 12 13:08:01 syang-ubuntu rtkit-daemon[1476]: Running.
Oct 12 13:08:01 syang-ubuntu rtkit-daemon[1476]: Watchdog thread running.
Oct 12 13:08:01 syang-ubuntu rtkit-daemon[1476]: Canary thread running.
Oct 12 13:08:01 syang-ubuntu rtkit-daemon[1476]: Successfully made thread 1474 of process 1474 (n/a) owned by '104' high priority at nice level -11.
Oct 12 13:08:01 syang-ubuntu rtkit-daemon[1476]: Supervising 1 threads of 1 processes of 1 users.
Oct 12 13:08:02 syang-ubuntu pulseaudio[1474]: [pulseaudio] alsa-util.c: Disabling timer-based scheduling because running inside a VM.
Oct 12 13:08:02 syang-ubuntu rtkit-daemon[1476]: Successfully made thread 1491 of process 1474 (n/a) owned by '104' RT at priority 5.
Oct 12 13:08:02 syang-ubuntu rtkit-daemon[1476]: Supervising 2 threads of 1 processes of 1 users.
Oct 12 13:08:02 syang-ubuntu pulseaudio[1474]: [pulseaudio] alsa-util.c: Disabling timer-based scheduling because running inside a VM.
Oct 12 13:08:02 syang-ubuntu rtkit-daemon[1476]: Successfully made thread 1492 of process 1474 (n/a) owned by '104' RT at priority 5.
Oct 12 13:08:02 syang-ubuntu rtkit-daemon[1476]: Supervising 3 threads of 1 processes of 1 users.
Oct 12 13:08:03 syang-ubuntu rtkit-daemon[1476]: Successfully made thread 1496 of process 1496 (n/a) owned by '104' high priority at nice level -11.
Oct 12 13:08:03 syang-ubuntu rtkit-daemon[1476]: Supervising 4 threads of 2 processes of 1 users.
Oct 12 13:08:03 syang-ubuntu pulseaudio[1496]: [pulseaudio] pid.c: Daemon already running.
Oct 12 13:08:05 syang-ubuntu gnome-session[1564]: WARNING: Session 'ubuntu' runnable check failed: Exited with code 1
Oct 12 13:08:06 syang-ubuntu rtkit-daemon[1476]: Successfully made thread 1643 of process 1643 (n/a) owned by '1000' high priority at nice level -11.
Oct 12 13:08:06 syang-ubuntu rtkit-daemon[1476]: Supervising 4 threads of 2 processes of 2 users.
Oct 12 13:08:06 syang-ubuntu pulseaudio[1643]: [pulseaudio] alsa-util.c: Disabling timer-based scheduling because running inside a VM.
Oct 12 13:08:06 syang-ubuntu rtkit-daemon[1476]: Successfully made thread 1644 of process 1643 (n/a) owned by '1000' RT at priority 5.
Oct 12 13:08:06 syang-ubuntu rtkit-daemon[1476]: Supervising 5 threads of 2 processes of 2 users.
Oct 12 13:08:06 syang-ubuntu pulseaudio[1643]: [pulseaudio] alsa-util.c: Disabling timer-based scheduling because running inside a VM.
Oct 12 13:08:06 syang-ubuntu rtkit-daemon[1476]: Successfully made thread 1645 of process 1643 (n/a) owned by '1000' RT at priority 5.
Oct 12 13:08:06 syang-ubuntu rtkit-daemon[1476]: Supervising 6 threads of 2 processes of 2 users.
Oct 12 13:08:10 syang-ubuntu NetworkManager[867]: <info> (eth0): IP6 addrconf timed out or failed.
Oct 12 13:08:10 syang-ubuntu NetworkManager[867]: <info> Activation (eth0) Stage 4 of 5 (IPv6 Configure Timeout) scheduled...
Oct 12 13:08:10 syang-ubuntu NetworkManager[867]: <info> Activation (eth0) Stage 4 of 5 (IPv6 Configure Timeout) started...
Oct 12 13:08:10 syang-ubuntu NetworkManager[867]: <info> Activation (eth0) Stage 4 of 5 (IPv6 Configure Timeout) complete.
Oct 12 13:08:11 syang-ubuntu dbus[743]: [system] Activating service name='org.freedesktop.UDisks' (using servicehelper)
Oct 12 13:08:11 syang-ubuntu dbus[743]: [system] Successfully activated service 'org.freedesktop.UDisks'
Oct 12 13:08:26 syang-ubuntu kernel: [   52.599399] audit_printk_skb: 171 callbacks suppressed
Oct 12 13:08:26 syang-ubuntu kernel: [   52.599406] type=1400 audit(1413090506.377:69): apparmor="DENIED" operation="open" parent=1 profile="/usr/lib/telepathy/mission-control-5" name="/usr/share/gvfs/remote-volume-monitors/" pid=1923 comm="mission-control" requested_mask="r" denied_mask="r" fsuid=1000 ouid=0
Oct 12 13:08:26 syang-ubuntu goa[1930]: goa-daemon version 3.4.0 starting [main.c:112, main()]
Oct 12 13:08:29 syang-ubuntu kernel: [   55.461206] usb 1-1: new high-speed USB device number 2 using ehci-pci
Oct 12 13:08:29 syang-ubuntu kernel: [   55.662870] usb 1-1: New USB device found, idVendor=0951, idProduct=1665
Oct 12 13:08:29 syang-ubuntu kernel: [   55.662877] usb 1-1: New USB device strings: Mfr=1, Product=2, SerialNumber=3
Oct 12 13:08:29 syang-ubuntu kernel: [   55.662881] usb 1-1: Product: DataTraveler 2.0
Oct 12 13:08:29 syang-ubuntu kernel: [   55.662885] usb 1-1: Manufacturer: Kingston
Oct 12 13:08:29 syang-ubuntu kernel: [   55.662889] usb 1-1: SerialNumber: 50E549513589FE4139480A7F
Oct 12 13:08:29 syang-ubuntu mtp-probe: checking bus 1, device 2: "/sys/devices/pci0000:00/0000:00:0b.0/usb1/1-1"
Oct 12 13:08:29 syang-ubuntu mtp-probe: bus: 1, device: 2 was not an MTP device
Oct 12 13:08:29 syang-ubuntu kernel: [   55.828364] usb-storage 1-1:1.0: USB Mass Storage device detected
Oct 12 13:08:29 syang-ubuntu kernel: [   55.828798] scsi3 : usb-storage 1-1:1.0
Oct 12 13:08:29 syang-ubuntu kernel: [   55.828910] usbcore: registered new interface driver usb-storage
Oct 12 13:08:30 syang-ubuntu kernel: [   56.865786] scsi 3:0:0:0: Direct-Access     Kingston DataTraveler 2.0 1.00 PQ: 0 ANSI: 4
Oct 12 13:08:30 syang-ubuntu kernel: [   56.866645] sd 3:0:0:0: Attached scsi generic sg2 type 0
Oct 12 13:08:30 syang-ubuntu kernel: [   56.878313] sd 3:0:0:0: [sdb] 30233588 512-byte logical blocks: (15.4 GB/14.4 GiB)
Oct 12 13:08:30 syang-ubuntu kernel: [   56.887034] sd 3:0:0:0: [sdb] Write Protect is off
Oct 12 13:08:30 syang-ubuntu kernel: [   56.887044] sd 3:0:0:0: [sdb] Mode Sense: 45 00 00 00
Oct 12 13:08:30 syang-ubuntu kernel: [   56.893958] sd 3:0:0:0: [sdb] Write cache: disabled, read cache: enabled, doesn't support DPO or FUA
Oct 12 13:08:30 syang-ubuntu kernel: [   56.957740]  sdb: sdb1
Oct 12 13:08:30 syang-ubuntu kernel: [   57.006519] sd 3:0:0:0: [sdb] Attached SCSI removable disk
Oct 12 13:08:32 syang-ubuntu kernel: [   58.643822] FAT-fs (sdb1): Volume was not properly unmounted. Some data may be corrupt. Please run fsck.
Oct 12 13:08:45 syang-ubuntu pulseaudio[1643]: [alsa-sink] alsa-sink.c: ALSA woke us up to write new data to the device, but there was actually nothing to write!
Oct 12 13:08:45 syang-ubuntu pulseaudio[1643]: [alsa-sink] alsa-sink.c: Most likely this is a bug in the ALSA driver 'snd_intel8x0'. Please report this issue to the ALSA developers.
Oct 12 13:08:45 syang-ubuntu pulseaudio[1643]: [alsa-sink] alsa-sink.c: We were woken up with POLLOUT set -- however a subsequent snd_pcm_avail() returned 0 or another value < min_avail.
Oct 12 13:09:12 syang-ubuntu dbus[743]: [system] Activating service name='com.ubuntu.DeviceDriver' (using servicehelper)
Oct 12 13:09:16 syang-ubuntu dbus[743]: [system] Activating service name='org.freedesktop.PackageKit' (using servicehelper)
Oct 12 13:09:31 syang-ubuntu AptDaemon: INFO: Initializing daemon
Oct 12 13:09:33 syang-ubuntu AptDaemon.PackageKit: INFO: Initializing PackageKit compat layer
Oct 12 13:09:33 syang-ubuntu dbus[743]: [system] Successfully activated service 'org.freedesktop.PackageKit'
Oct 12 13:09:33 syang-ubuntu AptDaemon.PackageKit: INFO: Initializing PackageKit transaction
Oct 12 13:09:33 syang-ubuntu AptDaemon.Worker: INFO: Simulating trans: /org/debian/apt/transaction/d350bb9657d14d9db6a0ccebd93e59ef
Oct 12 13:09:33 syang-ubuntu AptDaemon.Worker: INFO: Processing transaction /org/debian/apt/transaction/d350bb9657d14d9db6a0ccebd93e59ef
Oct 12 13:09:37 syang-ubuntu dbus[743]: [system] Failed to activate service 'com.ubuntu.DeviceDriver': timed out
Oct 12 13:09:50 syang-ubuntu dbus[743]: [system] Activating service name='com.ubuntu.SystemService' (using servicehelper)
Oct 12 13:09:51 syang-ubuntu AptDaemon.PackageKit: INFO: Get updates()
Oct 12 13:09:52 syang-ubuntu dbus[743]: [system] Successfully activated service 'com.ubuntu.SystemService'
Oct 12 13:09:52 syang-ubuntu AptDaemon.Worker: INFO: Finished transaction /org/debian/apt/transaction/d350bb9657d14d9db6a0ccebd93e59ef
Oct 12 13:12:47 syang-ubuntu anacron[908]: Job `cron.daily' started
Oct 12 13:12:47 syang-ubuntu anacron[2355]: Updated timestamp for job `cron.daily' to 2014-10-12
Oct 12 13:15:33 syang-ubuntu AptDaemon: INFO: Quitting due to inactivity
Oct 12 13:15:33 syang-ubuntu AptDaemon: INFO: Quitting was requested
Oct 12 13:17:01 syang-ubuntu CRON[4976]: (root) CMD (   cd / && run-parts --report /etc/cron.hourly)
Oct 12 13:22:16 syang-ubuntu kernel: [  882.460330] type=1400 audit(1413091336.239:70): apparmor="DENIED" operation="capable" parent=1 profile="/usr/sbin/cupsd" pid=831 comm="cupsd" pid=831 comm="cupsd" capability=36  capname="block_suspend"
Oct 12 13:23:47 syang-ubuntu anacron[908]: Job `cron.daily' terminated
Oct 12 13:23:47 syang-ubuntu anacron[908]: Job `cron.weekly' started
Oct 12 13:23:47 syang-ubuntu anacron[5489]: Updated timestamp for job `cron.weekly' to 2014-10-12
Oct 12 13:23:49 syang-ubuntu anacron[908]: Job `cron.weekly' terminated
Oct 12 13:23:49 syang-ubuntu anacron[908]: Job `cron.monthly' started
Oct 12 13:23:49 syang-ubuntu anacron[908]: Job `cron.monthly' terminated
Oct 12 13:23:49 syang-ubuntu anacron[908]: Normal exit (3 jobs run)
Oct 12 13:23:49 syang-ubuntu anacron[5507]: Updated timestamp for job `cron.monthly' to 2014-10-12
Oct 12 14:17:02 syang-ubuntu CRON[9579]: (root) CMD (   cd / && run-parts --report /etc/cron.hourly)
Oct 12 15:17:01 syang-ubuntu CRON[7113]: (root) CMD (   cd / && run-parts --report /etc/cron.hourly)
Oct 12 16:17:02 syang-ubuntu CRON[10885]: (root) CMD (   cd / && run-parts --report /etc/cron.hourly)
Oct 12 16:17:44 syang-ubuntu kernel: [11411.005441] usb 1-1: reset high-speed USB device number 2 using ehci-pci
Oct 12 16:18:03 syang-ubuntu kernel: [11430.148478] usb 1-1: device not accepting address 2, error -110
Oct 12 16:18:04 syang-ubuntu kernel: [11430.300998] usb 1-1: reset high-speed USB device number 2 using ehci-pci
Oct 12 16:26:36 syang-ubuntu kernel: Kernel logging (proc) stopped.
Oct 12 16:26:36 syang-ubuntu rsyslogd: [origin software="rsyslogd" swVersion="5.8.6" x-pid="686" x-info="http://www.rsyslog.com"] exiting on signal 15.
Oct 12 16:28:55 syang-ubuntu kernel: imklog 5.8.6, log source = /proc/kmsg started.
Oct 12 16:28:55 syang-ubuntu rsyslogd: [origin software="rsyslogd" swVersion="5.8.6" x-pid="665" x-info="http://www.rsyslog.com"] start
Oct 12 16:28:55 syang-ubuntu rsyslogd: rsyslogd's groupid changed to 103
Oct 12 16:28:55 syang-ubuntu rsyslogd: rsyslogd's userid changed to 101
Oct 12 16:28:55 syang-ubuntu rsyslogd-2039: Could not open output pipe '/dev/xconsole' [try http://www.rsyslog.com/e/2039 ]
Oct 12 16:28:55 syang-ubuntu kernel: [    0.000000] Initializing cgroup subsys cpuset
Oct 12 16:28:55 syang-ubuntu kernel: [    0.000000] Initializing cgroup subsys cpu
Oct 12 16:28:55 syang-ubuntu kernel: [    0.000000] Initializing cgroup subsys cpuacct
Oct 12 16:28:55 syang-ubuntu kernel: [    0.000000] Linux version 3.11.0-15-generic (buildd@allspice) (gcc version 4.6.3 (Ubuntu/Linaro 4.6.3-1ubuntu5) ) #25~precise1-Ubuntu SMP Thu Jan 30 17:39:31 UTC 2014 (Ubuntu 3.11.0-15.25~precise1-generic 3.11.10)
Oct 12 16:28:55 syang-ubuntu kernel: [    0.000000] Command line: BOOT_IMAGE=/boot/vmlinuz-3.11.0-15-generic root=UUID=64a817bf-a203-44b6-82b6-dd0b370e2196 ro quiet splash vt.handoff=7
Oct 12 16:28:55 syang-ubuntu kernel: [    0.000000] KERNEL supported cpus:
Oct 12 16:28:55 syang-ubuntu kernel: [    0.000000]   Intel GenuineIntel
Oct 12 16:28:55 syang-ubuntu kernel: [    0.000000]   AMD AuthenticAMD
Oct 12 16:28:55 syang-ubuntu kernel: [    0.000000]   Centaur CentaurHauls
Oct 12 16:28:55 syang-ubuntu kernel: [    0.000000] e820: BIOS-provided physical RAM map:
Oct 12 16:28:55 syang-ubuntu kernel: [    0.000000] BIOS-e820: [mem 0x0000000000000000-0x000000000009fbff] usable
Oct 12 16:28:55 syang-ubuntu kernel: [    0.000000] BIOS-e820: [mem 0x000000000009fc00-0x000000000009ffff] reserved
Oct 12 16:28:55 syang-ubuntu kernel: [    0.000000] BIOS-e820: [mem 0x00000000000f0000-0x00000000000fffff] reserved
Oct 12 16:28:55 syang-ubuntu kernel: [    0.000000] BIOS-e820: [mem 0x0000000000100000-0x000000005f9effff] usable
Oct 12 16:28:55 syang-ubuntu kernel: [    0.000000] BIOS-e820: [mem 0x000000005f9f0000-0x000000005f9fffff] ACPI data
Oct 12 16:28:55 syang-ubuntu kernel: [    0.000000] BIOS-e820: [mem 0x00000000fffc0000-0x00000000ffffffff] reserved
Oct 12 16:28:55 syang-ubuntu kernel: [    0.000000] NX (Execute Disable) protection: active
Oct 12 16:28:55 syang-ubuntu kernel: [    0.000000] SMBIOS 2.5 present.
Oct 12 16:28:55 syang-ubuntu kernel: [    0.000000] DMI: innotek GmbH VirtualBox/VirtualBox, BIOS VirtualBox 12/01/2006
Oct 12 16:28:55 syang-ubuntu kernel: [    0.000000] e820: update [mem 0x00000000-0x00000fff] usable ==> reserved
Oct 12 16:28:55 syang-ubuntu kernel: [    0.000000] e820: remove [mem 0x000a0000-0x000fffff] usable
Oct 12 16:28:55 syang-ubuntu kernel: [    0.000000] No AGP bridge found
Oct 12 16:28:55 syang-ubuntu kernel: [    0.000000] e820: last_pfn = 0x5f9f0 max_arch_pfn = 0x400000000
Oct 12 16:28:55 syang-ubuntu kernel: [    0.000000] MTRR default type: uncachable
Oct 12 16:28:55 syang-ubuntu kernel: [    0.000000] MTRR variable ranges disabled:
Oct 12 16:28:55 syang-ubuntu kernel: [    0.000000] x86 PAT enabled: cpu 0, old 0x7040600070406, new 0x7010600070106
Oct 12 16:28:55 syang-ubuntu kernel: [    0.000000] CPU MTRRs all blank - virtualized system.
Oct 12 16:28:55 syang-ubuntu kernel: [    0.000000] found SMP MP-table at [mem 0x0009fff0-0x0009ffff] mapped at [ffff88000009fff0]
Oct 12 16:28:55 syang-ubuntu kernel: [    0.000000] Scanning 1 areas for low memory corruption
Oct 12 16:28:55 syang-ubuntu kernel: [    0.000000] Base memory trampoline at [ffff880000099000] 99000 size 24576
Oct 12 16:28:55 syang-ubuntu kernel: [    0.000000] init_memory_mapping: [mem 0x00000000-0x000fffff]
Oct 12 16:28:55 syang-ubuntu kernel: [    0.000000]  [mem 0x00000000-0x000fffff] page 4k
Oct 12 16:28:55 syang-ubuntu kernel: [    0.000000] BRK [0x01fd9000, 0x01fd9fff] PGTABLE
Oct 12 16:28:55 syang-ubuntu kernel: [    0.000000] BRK [0x01fda000, 0x01fdafff] PGTABLE
Oct 12 16:28:55 syang-ubuntu kernel: [    0.000000] BRK [0x01fdb000, 0x01fdbfff] PGTABLE
Oct 12 16:28:55 syang-ubuntu kernel: [    0.000000] init_memory_mapping: [mem 0x5f600000-0x5f7fffff]
Oct 12 16:28:55 syang-ubuntu kernel: [    0.000000]  [mem 0x5f600000-0x5f7fffff] page 2M
Oct 12 16:28:55 syang-ubuntu kernel: [    0.000000] BRK [0x01fdc000, 0x01fdcfff] PGTABLE
Oct 12 16:28:55 syang-ubuntu kernel: [    0.000000] init_memory_mapping: [mem 0x5c000000-0x5f5fffff]
Oct 12 16:28:55 syang-ubuntu kernel: [    0.000000]  [mem 0x5c000000-0x5f5fffff] page 2M
Oct 12 16:28:55 syang-ubuntu kernel: [    0.000000] init_memory_mapping: [mem 0x00100000-0x5bffffff]
Oct 12 16:28:55 syang-ubuntu kernel: [    0.000000]  [mem 0x00100000-0x001fffff] page 4k
Oct 12 16:28:55 syang-ubuntu kernel: [    0.000000]  [mem 0x00200000-0x5bffffff] page 2M
Oct 12 16:28:55 syang-ubuntu kernel: [    0.000000] init_memory_mapping: [mem 0x5f800000-0x5f9effff]
Oct 12 16:28:55 syang-ubuntu kernel: [    0.000000]  [mem 0x5f800000-0x5f9effff] page 4k
Oct 12 16:28:55 syang-ubuntu kernel: [    0.000000] BRK [0x01fdd000, 0x01fddfff] PGTABLE
Oct 12 16:28:55 syang-ubuntu kernel: [    0.000000] RAMDISK: [mem 0x35ea0000-0x36f47fff]
Oct 12 16:28:55 syang-ubuntu kernel: [    0.000000] ACPI: RSDP 00000000000e0000 00024 (v02 VBOX  )
Oct 12 16:28:55 syang-ubuntu kernel: [    0.000000] ACPI: XSDT 000000005f9f0030 0003C (v01 VBOX   VBOXXSDT 00000001 ASL  00000061)
Oct 12 16:28:55 syang-ubuntu kernel: [    0.000000] ACPI: FACP 000000005f9f00f0 000F4 (v04 VBOX   VBOXFACP 00000001 ASL  00000061)
Oct 12 16:28:55 syang-ubuntu kernel: [    0.000000] ACPI: DSDT 000000005f9f0470 01B96 (v01 VBOX   VBOXBIOS 00000002 INTL 20100528)
Oct 12 16:28:55 syang-ubuntu kernel: [    0.000000] ACPI: FACS 000000005f9f0200 00040
Oct 12 16:28:55 syang-ubuntu kernel: [    0.000000] ACPI: APIC 000000005f9f0240 0005C (v02 VBOX   VBOXAPIC 00000001 ASL  00000061)
Oct 12 16:28:55 syang-ubuntu kernel: [    0.000000] ACPI: SSDT 000000005f9f02a0 001CC (v01 VBOX   VBOXCPUT 00000002 INTL 20100528)
Oct 12 16:28:55 syang-ubuntu kernel: [    0.000000] ACPI: Local APIC address 0xfee00000
Oct 12 16:28:55 syang-ubuntu kernel: [    0.000000] No NUMA configuration found
Oct 12 16:28:55 syang-ubuntu kernel: [    0.000000] Faking a node at [mem 0x0000000000000000-0x000000005f9effff]
Oct 12 16:28:55 syang-ubuntu kernel: [    0.000000] Initmem setup node 0 [mem 0x00000000-0x5f9effff]
Oct 12 16:28:55 syang-ubuntu kernel: [    0.000000]   NODE_DATA [mem 0x5f9eb000-0x5f9effff]
Oct 12 16:28:55 syang-ubuntu kernel: [    0.000000]  [ffffea0000000000-ffffea00017fffff] PMD -> [ffff88005d800000-ffff88005effffff] on node 0
Oct 12 16:28:55 syang-ubuntu kernel: [    0.000000] Zone ranges:
Oct 12 16:28:55 syang-ubuntu kernel: [    0.000000]   DMA      [mem 0x00001000-0x00ffffff]
Oct 12 16:28:55 syang-ubuntu kernel: [    0.000000]   DMA32    [mem 0x01000000-0xffffffff]
Oct 12 16:28:55 syang-ubuntu kernel: [    0.000000]   Normal   empty
Oct 12 16:28:55 syang-ubuntu kernel: [    0.000000] Movable zone start for each node
Oct 12 16:28:55 syang-ubuntu kernel: [    0.000000] Early memory node ranges
Oct 12 16:28:55 syang-ubuntu kernel: [    0.000000]   node   0: [mem 0x00001000-0x0009efff]
Oct 12 16:28:55 syang-ubuntu kernel: [    0.000000]   node   0: [mem 0x00100000-0x5f9effff]
Oct 12 16:28:55 syang-ubuntu kernel: [    0.000000] On node 0 totalpages: 391566
Oct 12 16:28:55 syang-ubuntu kernel: [    0.000000]   DMA zone: 64 pages used for memmap
Oct 12 16:28:55 syang-ubuntu kernel: [    0.000000]   DMA zone: 21 pages reserved
Oct 12 16:28:55 syang-ubuntu kernel: [    0.000000]   DMA zone: 3998 pages, LIFO batch:0
Oct 12 16:28:55 syang-ubuntu kernel: [    0.000000]   DMA32 zone: 6056 pages used for memmap
Oct 12 16:28:55 syang-ubuntu kernel: [    0.000000]   DMA32 zone: 387568 pages, LIFO batch:31
Oct 12 16:28:55 syang-ubuntu kernel: [    0.000000] ACPI: PM-Timer IO Port: 0x4008
Oct 12 16:28:55 syang-ubuntu kernel: [    0.000000] ACPI: Local APIC address 0xfee00000
Oct 12 16:28:55 syang-ubuntu kernel: [    0.000000] ACPI: LAPIC (acpi_id[0x00] lapic_id[0x00] enabled)
Oct 12 16:28:55 syang-ubuntu kernel: [    0.000000] ACPI: LAPIC (acpi_id[0x01] lapic_id[0x01] enabled)
Oct 12 16:28:55 syang-ubuntu kernel: [    0.000000] ACPI: IOAPIC (id[0x02] address[0xfec00000] gsi_base[0])
Oct 12 16:28:55 syang-ubuntu kernel: [    0.000000] IOAPIC[0]: apic_id 2, version 17, address 0xfec00000, GSI 0-23
Oct 12 16:28:55 syang-ubuntu kernel: [    0.000000] ACPI: INT_SRC_OVR (bus 0 bus_irq 0 global_irq 2 dfl dfl)
Oct 12 16:28:55 syang-ubuntu kernel: [    0.000000] ACPI: INT_SRC_OVR (bus 0 bus_irq 9 global_irq 9 high level)
Oct 12 16:28:55 syang-ubuntu kernel: [    0.000000] ACPI: IRQ0 used by override.
Oct 12 16:28:55 syang-ubuntu kernel: [    0.000000] ACPI: IRQ2 used by override.
Oct 12 16:28:55 syang-ubuntu kernel: [    0.000000] ACPI: IRQ9 used by override.
Oct 12 16:28:55 syang-ubuntu kernel: [    0.000000] Using ACPI (MADT) for SMP configuration information
Oct 12 16:28:55 syang-ubuntu kernel: [    0.000000] smpboot: Allowing 2 CPUs, 0 hotplug CPUs
Oct 12 16:28:55 syang-ubuntu kernel: [    0.000000] nr_irqs_gsi: 40
Oct 12 16:28:55 syang-ubuntu kernel: [    0.000000] PM: Registered nosave memory: [mem 0x0009f000-0x0009ffff]
Oct 12 16:28:55 syang-ubuntu kernel: [    0.000000] PM: Registered nosave memory: [mem 0x000a0000-0x000effff]
Oct 12 16:28:55 syang-ubuntu kernel: [    0.000000] PM: Registered nosave memory: [mem 0x000f0000-0x000fffff]
Oct 12 16:28:55 syang-ubuntu kernel: [    0.000000] e820: [mem 0x5fa00000-0xfffbffff] available for PCI devices
Oct 12 16:28:55 syang-ubuntu kernel: [    0.000000] Booting paravirtualized kernel on bare hardware
Oct 12 16:28:55 syang-ubuntu kernel: [    0.000000] setup_percpu: NR_CPUS:256 nr_cpumask_bits:256 nr_cpu_ids:2 nr_node_ids:1
Oct 12 16:28:55 syang-ubuntu kernel: [    0.000000] PERCPU: Embedded 29 pages/cpu @ffff88005f600000 s86720 r8192 d23872 u1048576
Oct 12 16:28:55 syang-ubuntu kernel: [    0.000000] pcpu-alloc: s86720 r8192 d23872 u1048576 alloc=1*2097152
Oct 12 16:28:55 syang-ubuntu kernel: [    0.000000] pcpu-alloc: [0] 0 1 
Oct 12 16:28:55 syang-ubuntu kernel: [    0.000000] Built 1 zonelists in Node order, mobility grouping on.  Total pages: 385425
Oct 12 16:28:55 syang-ubuntu kernel: [    0.000000] Policy zone: DMA32
Oct 12 16:28:55 syang-ubuntu kernel: [    0.000000] Kernel command line: BOOT_IMAGE=/boot/vmlinuz-3.11.0-15-generic root=UUID=64a817bf-a203-44b6-82b6-dd0b370e2196 ro quiet splash vt.handoff=7
Oct 12 16:28:55 syang-ubuntu kernel: [    0.000000] PID hash table entries: 4096 (order: 3, 32768 bytes)
Oct 12 16:28:55 syang-ubuntu kernel: [    0.000000] Checking aperture...
Oct 12 16:28:55 syang-ubuntu kernel: [    0.000000] No AGP bridge found
Oct 12 16:28:55 syang-ubuntu kernel: [    0.000000] Calgary: detecting Calgary via BIOS EBDA area
Oct 12 16:28:55 syang-ubuntu kernel: [    0.000000] Calgary: Unable to locate Rio Grande table in EBDA - bailing!
Oct 12 16:28:55 syang-ubuntu kernel: [    0.000000] Memory: 1507792K/1566264K available (7507K kernel code, 1079K rwdata, 4076K rodata, 1392K init, 1428K bss, 58472K reserved)
Oct 12 16:28:55 syang-ubuntu kernel: [    0.000000] SLUB: HWalign=64, Order=0-3, MinObjects=0, CPUs=2, Nodes=1
Oct 12 16:28:55 syang-ubuntu kernel: [    0.000000] Hierarchical RCU implementation.
Oct 12 16:28:55 syang-ubuntu kernel: [    0.000000] 	RCU dyntick-idle grace-period acceleration is enabled.
Oct 12 16:28:55 syang-ubuntu kernel: [    0.000000] 	RCU restricting CPUs from NR_CPUS=256 to nr_cpu_ids=2.
Oct 12 16:28:55 syang-ubuntu kernel: [    0.000000] 	Offload RCU callbacks from all CPUs
Oct 12 16:28:55 syang-ubuntu kernel: [    0.000000] 	Offload RCU callbacks from CPUs: 0-255.
Oct 12 16:28:55 syang-ubuntu kernel: [    0.000000] NR_IRQS:16640 nr_irqs:512 16
Oct 12 16:28:55 syang-ubuntu kernel: [    0.000000] Console: colour dummy device 80x25
Oct 12 16:28:55 syang-ubuntu kernel: [    0.000000] console [tty0] enabled
Oct 12 16:28:55 syang-ubuntu kernel: [    0.000000] allocated 6291456 bytes of page_cgroup
Oct 12 16:28:55 syang-ubuntu kernel: [    0.000000] please try 'cgroup_disable=memory' option if you don't want memory cgroups
Oct 12 16:28:55 syang-ubuntu kernel: [    0.000000] tsc: Fast TSC calibration failed
Oct 12 16:28:55 syang-ubuntu kernel: [    0.000000] tsc: Unable to calibrate against PIT
Oct 12 16:28:55 syang-ubuntu kernel: [    0.000000] tsc: using PMTIMER reference calibration
Oct 12 16:28:55 syang-ubuntu kernel: [    0.000000] tsc: Detected 1887.780 MHz processor
Oct 12 16:28:55 syang-ubuntu kernel: [    0.016008] Calibrating delay loop (skipped), value calculated using timer frequency.. 3775.56 BogoMIPS (lpj=7551120)
Oct 12 16:28:55 syang-ubuntu kernel: [    0.016013] pid_max: default: 32768 minimum: 301
Oct 12 16:28:55 syang-ubuntu kernel: [    0.016042] Security Framework initialized
Oct 12 16:28:55 syang-ubuntu kernel: [    0.016066] AppArmor: AppArmor initialized
Oct 12 16:28:55 syang-ubuntu kernel: [    0.016069] Yama: becoming mindful.
Oct 12 16:28:55 syang-ubuntu kernel: [    0.020030] Dentry cache hash table entries: 262144 (order: 9, 2097152 bytes)
Oct 12 16:28:55 syang-ubuntu kernel: [    0.020430] Inode-cache hash table entries: 131072 (order: 8, 1048576 bytes)
Oct 12 16:28:55 syang-ubuntu kernel: [    0.020579] Mount-cache hash table entries: 256
Oct 12 16:28:55 syang-ubuntu kernel: [    0.020794] Initializing cgroup subsys memory
Oct 12 16:28:55 syang-ubuntu kernel: [    0.020804] Initializing cgroup subsys devices
Oct 12 16:28:55 syang-ubuntu kernel: [    0.020808] Initializing cgroup subsys freezer
Oct 12 16:28:55 syang-ubuntu kernel: [    0.020812] Initializing cgroup subsys blkio
Oct 12 16:28:55 syang-ubuntu kernel: [    0.020815] Initializing cgroup subsys perf_event
Oct 12 16:28:55 syang-ubuntu kernel: [    0.020820] Initializing cgroup subsys hugetlb
Oct 12 16:28:55 syang-ubuntu kernel: [    0.020923] CPU: Physical Processor ID: 0
Oct 12 16:28:55 syang-ubuntu kernel: [    0.020927] CPU: Processor Core ID: 0
Oct 12 16:28:55 syang-ubuntu kernel: [    0.020933] mce: CPU supports 0 MCE banks
Oct 12 16:28:55 syang-ubuntu kernel: [    0.020968] Last level iTLB entries: 4KB 512, 2MB 0, 4MB 0
Oct 12 16:28:55 syang-ubuntu kernel: [    0.020968] Last level dTLB entries: 4KB 512, 2MB 32, 4MB 32
Oct 12 16:28:55 syang-ubuntu kernel: [    0.020968] tlb_flushall_shift: 5
Oct 12 16:28:55 syang-ubuntu kernel: [    0.021201] Freeing SMP alternatives memory: 28K (ffffffff81e6b000 - ffffffff81e72000)
Oct 12 16:28:55 syang-ubuntu kernel: [    0.036225] ACPI: Core revision 20130517
Oct 12 16:28:55 syang-ubuntu kernel: [    0.036934] ACPI: All ACPI Tables successfully acquired
Oct 12 16:28:55 syang-ubuntu kernel: [    0.036980] ftrace: allocating 31294 entries in 123 pages
Oct 12 16:28:55 syang-ubuntu kernel: [    0.052395] ..TIMER: vector=0x30 apic1=0 pin1=2 apic2=-1 pin2=-1
Oct 12 16:28:55 syang-ubuntu kernel: [    0.092754] smpboot: CPU0: Intel(R) Core(TM) i7-2635QM CPU @ 2.00GHz (fam: 06, model: 2a, stepping: 07)
Oct 12 16:28:55 syang-ubuntu kernel: [    0.096000] Performance Events: unsupported p6 CPU model 42 no PMU driver, software events only.
Oct 12 16:28:55 syang-ubuntu kernel: [    0.096000] NMI watchdog: disabled (cpu0): hardware events not enabled
Oct 12 16:28:55 syang-ubuntu kernel: [    0.096000] smpboot: Booting Node   0, Processors  #1 OK
Oct 12 16:28:55 syang-ubuntu kernel: [    0.096000] mce: CPU supports 0 MCE banks
Oct 12 16:28:55 syang-ubuntu kernel: [    0.107592] Brought up 2 CPUs
Oct 12 16:28:55 syang-ubuntu kernel: [    0.107598] smpboot: Total of 2 processors activated (7551.12 BogoMIPS)
Oct 12 16:28:55 syang-ubuntu kernel: [    0.108291] devtmpfs: initialized
Oct 12 16:28:55 syang-ubuntu kernel: [    0.108717] EVM: security.selinux
Oct 12 16:28:55 syang-ubuntu kernel: [    0.108721] EVM: security.SMACK64
Oct 12 16:28:55 syang-ubuntu kernel: [    0.108724] EVM: security.capability
Oct 12 16:28:55 syang-ubuntu kernel: [    0.108836] regulator-dummy: no parameters
Oct 12 16:28:55 syang-ubuntu kernel: [    0.108836] RTC time:  8:28:45, date: 10/12/14
Oct 12 16:28:55 syang-ubuntu kernel: [    0.108836] NET: Registered protocol family 16
Oct 12 16:28:55 syang-ubuntu kernel: [    0.108836] ACPI: bus type PCI registered
Oct 12 16:28:55 syang-ubuntu kernel: [    0.108836] acpiphp: ACPI Hot Plug PCI Controller Driver version: 0.5
Oct 12 16:28:55 syang-ubuntu kernel: [    0.108972] PCI: Using configuration type 1 for base access
Oct 12 16:28:55 syang-ubuntu kernel: [    0.112030] bio: create slab <bio-0> at 0
Oct 12 16:28:55 syang-ubuntu kernel: [    0.116025] ACPI: Added _OSI(Module Device)
Oct 12 16:28:55 syang-ubuntu kernel: [    0.116025] ACPI: Added _OSI(Processor Device)
Oct 12 16:28:55 syang-ubuntu kernel: [    0.116025] ACPI: Added _OSI(3.0 _SCP Extensions)
Oct 12 16:28:55 syang-ubuntu kernel: [    0.116025] ACPI: Added _OSI(Processor Aggregator Device)
Oct 12 16:28:55 syang-ubuntu kernel: [    0.116025] ACPI: EC: Look up EC in DSDT
Oct 12 16:28:55 syang-ubuntu kernel: [    0.116025] ACPI: Executed 1 blocks of module-level executable AML code
Oct 12 16:28:55 syang-ubuntu kernel: [    0.116658] ACPI: Interpreter enabled
Oct 12 16:28:55 syang-ubuntu kernel: [    0.116666] ACPI Exception: AE_NOT_FOUND, While evaluating Sleep State [\_S1_] (20130517/hwxface-571)
Oct 12 16:28:55 syang-ubuntu kernel: [    0.116672] ACPI Exception: AE_NOT_FOUND, While evaluating Sleep State [\_S2_] (20130517/hwxface-571)
Oct 12 16:28:55 syang-ubuntu kernel: [    0.116677] ACPI Exception: AE_NOT_FOUND, While evaluating Sleep State [\_S3_] (20130517/hwxface-571)
Oct 12 16:28:55 syang-ubuntu kernel: [    0.116682] ACPI Exception: AE_NOT_FOUND, While evaluating Sleep State [\_S4_] (20130517/hwxface-571)
Oct 12 16:28:55 syang-ubuntu kernel: [    0.116689] ACPI: (supports S0 S5)
Oct 12 16:28:55 syang-ubuntu kernel: [    0.116693] ACPI: Using IOAPIC for interrupt routing
Oct 12 16:28:55 syang-ubuntu kernel: [    0.116858] PCI: Ignoring host bridge windows from ACPI; if necessary, use "pci=use_crs" and report a bug
Oct 12 16:28:55 syang-ubuntu kernel: [    0.116894] ACPI: No dock devices found.
Oct 12 16:28:55 syang-ubuntu kernel: [    0.123509] ACPI: PCI Root Bridge [PCI0] (domain 0000 [bus 00-ff])
Oct 12 16:28:55 syang-ubuntu kernel: [    0.123523] acpi PNP0A03:00: ACPI _OSC support notification failed, disabling PCIe ASPM
Oct 12 16:28:55 syang-ubuntu kernel: [    0.123531] acpi PNP0A03:00: Unable to request _OSC control (_OSC support mask: 0x08)
Oct 12 16:28:55 syang-ubuntu kernel: [    0.123696] acpi PNP0A03:00: host bridge window [io  0x0000-0x0cf7] (ignored)
Oct 12 16:28:55 syang-ubuntu kernel: [    0.123705] acpi PNP0A03:00: host bridge window [io  0x0d00-0xffff] (ignored)
Oct 12 16:28:55 syang-ubuntu kernel: [    0.123713] acpi PNP0A03:00: host bridge window [mem 0x000a0000-0x000bffff] (ignored)
Oct 12 16:28:55 syang-ubuntu kernel: [    0.123721] acpi PNP0A03:00: host bridge window [mem 0x5fa00000-0xffdfffff] (ignored)
Oct 12 16:28:55 syang-ubuntu kernel: [    0.123729] PCI: root bus 00: using default resources
Oct 12 16:28:55 syang-ubuntu kernel: [    0.123737] acpi PNP0A03:00: fail to add MMCONFIG information, can't access extended PCI configuration space under this bridge.
Oct 12 16:28:55 syang-ubuntu kernel: [    0.124065] PCI host bridge to bus 0000:00
Oct 12 16:28:55 syang-ubuntu kernel: [    0.124077] pci_bus 0000:00: root bus resource [bus 00-ff]
Oct 12 16:28:55 syang-ubuntu kernel: [    0.124085] pci_bus 0000:00: root bus resource [io  0x0000-0xffff]
Oct 12 16:28:55 syang-ubuntu kernel: [    0.124092] pci_bus 0000:00: root bus resource [mem 0x00000000-0xfffffffff]
Oct 12 16:28:55 syang-ubuntu kernel: [    0.124190] pci 0000:00:00.0: [8086:1237] type 00 class 0x060000
Oct 12 16:28:55 syang-ubuntu kernel: [    0.125090] pci 0000:00:01.0: [8086:7000] type 00 class 0x060100
Oct 12 16:28:55 syang-ubuntu kernel: [    0.126459] pci 0000:00:01.1: [8086:7111] type 00 class 0x01018a
Oct 12 16:28:55 syang-ubuntu kernel: [    0.127139] pci 0000:00:01.1: reg 0x20: [io  0xd000-0xd00f]
Oct 12 16:28:55 syang-ubuntu kernel: [    0.127821] pci 0000:00:02.0: [80ee:beef] type 00 class 0x030000
Oct 12 16:28:55 syang-ubuntu kernel: [    0.132939] pci 0000:00:02.0: reg 0x10: [mem 0xe0000000-0xe7ffffff pref]
Oct 12 16:28:55 syang-ubuntu kernel: [    0.165794] pci 0000:00:03.0: [8086:100e] type 00 class 0x020000
Oct 12 16:28:55 syang-ubuntu kernel: [    0.168132] pci 0000:00:03.0: reg 0x10: [mem 0xf0000000-0xf001ffff]
Oct 12 16:28:55 syang-ubuntu kernel: [    0.171043] pci 0000:00:03.0: reg 0x18: [io  0xd010-0xd017]
Oct 12 16:28:55 syang-ubuntu kernel: [    0.177305] pci 0000:00:04.0: [80ee:cafe] type 00 class 0x088000
Oct 12 16:28:55 syang-ubuntu kernel: [    0.178583] pci 0000:00:04.0: reg 0x10: [io  0xd020-0xd03f]
Oct 12 16:28:55 syang-ubuntu kernel: [    0.180079] pci 0000:00:04.0: reg 0x14: [mem 0xf0400000-0xf07fffff]
Oct 12 16:28:55 syang-ubuntu kernel: [    0.181362] pci 0000:00:04.0: reg 0x18: [mem 0xf0800000-0xf0803fff pref]
Oct 12 16:28:55 syang-ubuntu kernel: [    0.185525] pci 0000:00:05.0: [8086:2415] type 00 class 0x040100
Oct 12 16:28:55 syang-ubuntu kernel: [    0.185694] pci 0000:00:05.0: reg 0x10: [io  0xd100-0xd1ff]
Oct 12 16:28:55 syang-ubuntu kernel: [    0.185799] pci 0000:00:05.0: reg 0x14: [io  0xd200-0xd23f]
Oct 12 16:28:55 syang-ubuntu kernel: [    0.186472] pci 0000:00:06.0: [106b:003f] type 00 class 0x0c0310
Oct 12 16:28:55 syang-ubuntu kernel: [    0.187392] pci 0000:00:06.0: reg 0x10: [mem 0xf0804000-0xf0804fff]
Oct 12 16:28:55 syang-ubuntu kernel: [    0.192757] pci 0000:00:07.0: [8086:7113] type 00 class 0x068000
Oct 12 16:28:55 syang-ubuntu kernel: [    0.193685] pci 0000:00:0b.0: [8086:265c] type 00 class 0x0c0320
Oct 12 16:28:55 syang-ubuntu kernel: [    0.194916] pci 0000:00:0b.0: reg 0x10: [mem 0xf0805000-0xf0805fff]
Oct 12 16:28:55 syang-ubuntu kernel: [    0.202907] pci 0000:00:0d.0: [8086:2829] type 00 class 0x010601
Oct 12 16:28:55 syang-ubuntu kernel: [    0.204132] pci 0000:00:0d.0: reg 0x10: [io  0xd240-0xd247]
Oct 12 16:28:55 syang-ubuntu kernel: [    0.205371] pci 0000:00:0d.0: reg 0x18: [io  0xd250-0xd257]
Oct 12 16:28:55 syang-ubuntu kernel: [    0.207047] pci 0000:00:0d.0: reg 0x20: [io  0xd260-0xd26f]
Oct 12 16:28:55 syang-ubuntu kernel: [    0.208057] pci 0000:00:0d.0: reg 0x24: [mem 0xf0806000-0xf0807fff]
Oct 12 16:28:55 syang-ubuntu kernel: [    0.211712] ACPI: PCI Interrupt Link [LNKA] (IRQs 5 9 10 *11)
Oct 12 16:28:55 syang-ubuntu kernel: [    0.212061] ACPI: PCI Interrupt Link [LNKB] (IRQs 5 9 10 *11)
Oct 12 16:28:55 syang-ubuntu kernel: [    0.212165] ACPI: PCI Interrupt Link [LNKC] (IRQs 5 9 *10 11)
Oct 12 16:28:55 syang-ubuntu kernel: [    0.212267] ACPI: PCI Interrupt Link [LNKD] (IRQs 5 *9 10 11)
Oct 12 16:28:55 syang-ubuntu kernel: [    0.212432] ACPI: Enabled 1 GPEs in block 00 to 07
Oct 12 16:28:55 syang-ubuntu kernel: [    0.212442] ACPI: \_SB_.PCI0: notify handler is installed
Oct 12 16:28:55 syang-ubuntu kernel: [    0.212466] Found 1 acpi root devices
Oct 12 16:28:55 syang-ubuntu kernel: [    0.216070] vgaarb: device added: PCI:0000:00:02.0,decodes=io+mem,owns=io+mem,locks=none
Oct 12 16:28:55 syang-ubuntu kernel: [    0.216077] vgaarb: loaded
Oct 12 16:28:55 syang-ubuntu kernel: [    0.216081] vgaarb: bridge control possible 0000:00:02.0
Oct 12 16:28:55 syang-ubuntu kernel: [    0.216313] SCSI subsystem initialized
Oct 12 16:28:55 syang-ubuntu kernel: [    0.216318] ACPI: bus type ATA registered
Oct 12 16:28:55 syang-ubuntu kernel: [    0.216441] libata version 3.00 loaded.
Oct 12 16:28:55 syang-ubuntu kernel: [    0.216441] ACPI: bus type USB registered
Oct 12 16:28:55 syang-ubuntu kernel: [    0.216441] usbcore: registered new interface driver usbfs
Oct 12 16:28:55 syang-ubuntu kernel: [    0.216441] usbcore: registered new interface driver hub
Oct 12 16:28:55 syang-ubuntu kernel: [    0.216441] usbcore: registered new device driver usb
Oct 12 16:28:55 syang-ubuntu kernel: [    0.216441] PCI: Using ACPI for IRQ routing
Oct 12 16:28:55 syang-ubuntu kernel: [    0.216441] PCI: pci_cache_line_size set to 64 bytes
Oct 12 16:28:55 syang-ubuntu kernel: [    0.216441] e820: reserve RAM buffer [mem 0x0009fc00-0x0009ffff]
Oct 12 16:28:55 syang-ubuntu kernel: [    0.216441] e820: reserve RAM buffer [mem 0x5f9f0000-0x5fffffff]
Oct 12 16:28:55 syang-ubuntu kernel: [    0.216441] NetLabel: Initializing
Oct 12 16:28:55 syang-ubuntu kernel: [    0.216441] NetLabel:  domain hash size = 128
Oct 12 16:28:55 syang-ubuntu kernel: [    0.216441] NetLabel:  protocols = UNLABELED CIPSOv4
Oct 12 16:28:55 syang-ubuntu kernel: [    0.216447] NetLabel:  unlabeled traffic allowed by default
Oct 12 16:28:55 syang-ubuntu kernel: [    0.216502] Switched to clocksource refined-jiffies
